
Structural Optimization MTOP assignment
Repository root: C:\Users\campa\Desktop\Structural-Optimization-LUKASTIEBERT
Results folder:  C:\Users\campa\Desktop\Structural-Optimization-LUKASTIEBERT\matlab\results
Figures folder:  C:\Users\campa\Desktop\Structural-Optimization-LUKASTIEBERT\matlab\figures

Core parameters
  Volume fraction: 0.500
  Penalization:    3.000
  Classical mesh:  600 x 200
  MTOP FE mesh:    120 x 40
  MTOP density:    5 x 5 per FE

Planned experiments
 1. classical_oc_sensitivity       | classical | oc  | sensitivity | FE  600 x 200  | density  600 x 200 
 2. mtop_oc_sensitivity            | mtop      | oc  | sensitivity | FE  120 x 40   | density  600 x 200 
 3. classical_oc_density           | classical | oc  | density     | FE  600 x 200  | density  600 x 200 
 4. mtop_oc_density                | mtop      | oc  | density     | FE  120 x 40   | density  600 x 200 
 5. mtop_mma_sensitivity           | mtop      | mma | sensitivity | FE  120 x 40   | density  600 x 200 
 6. mtop_mma_density               | mtop      | mma | density     | FE  120 x 40   | density  600 x 200 
 7. mtop_mma_heaviside_eta_030     | mtop      | mma | heaviside   | FE  120 x 40   | density  600 x 200 
 8. mtop_mma_heaviside_eta_050     | mtop      | mma | heaviside   | FE  120 x 40   | density  600 x 200 
 9. mtop_mma_heaviside_eta_070     | mtop      | mma | heaviside   | FE  120 x 40   | density  600 x 200 

Executing implemented assignment steps.

Sensitivity verification
  Classical OC formulation
    Compliance:               891.391332
    Max abs FD error in dC:   2.481e-04
    Max rel FD error in dC:   5.656e-07
    Max abs FD error in dV:   5.260e-11
  MTOP formulation
    Compliance:               937.749842
    Max abs FD error in dC:   3.532e-04
    Max rel FD error in dC:   1.520e-05
    Max abs FD error in dV:   1.432e-11
Saved sensitivity verification report:
  C:\Users\campa\Desktop\Structural-Optimization-LUKASTIEBERT\matlab\results\sensitivity_verification.mat
Step 1 result found and reused: C:\Users\campa\Desktop\Structural-Optimization-LUKASTIEBERT\matlab\results\classical_oc_sensitivity.mat
Step 1 completed.
  Iterations:       94
  Elapsed time [s]: 241.99
  Compliance:       224.596097
  Volume fraction:  0.500074

Running assignment step 2: MTOP OC sensitivity baseline
  FE mesh:       120 x 40 elements
  Density mesh:  600 x 200 cells
  Cells per FE:  5 x 5
  Volume target: 0.5000
  Penalization:  3.0000
  Filter radius: 24.0000 density cells

[09:30:15] iter:    1 | change:   0.20000 | c:   1027.43234 | v:   0.50000 | time:      0.20 s
[09:30:16] iter:    2 | change:   0.20000 | c:    590.65602 | v:   0.49991 | time:      0.51 s
[09:30:16] iter:    3 | change:   0.20000 | c:    420.44777 | v:   0.49991 | time:      0.63 s
[09:30:16] iter:    4 | change:   0.20000 | c:    354.03108 | v:   0.49989 | time:      0.76 s
[09:30:16] iter:    5 | change:   0.14431 | c:    334.97165 | v:   0.49981 | time:      0.89 s
[09:30:16] iter:    6 | change:   0.17369 | c:    324.27809 | v:   0.49999 | time:      1.03 s
[09:30:16] iter:    7 | change:   0.12326 | c:    316.65001 | v:   0.50008 | time:      1.14 s
[09:30:16] iter:    8 | change:   0.15418 | c:    310.22011 | v:   0.49978 | time:      1.27 s
[09:30:16] iter:    9 | change:   0.11738 | c:    303.20235 | v:   0.50015 | time:      1.39 s
[09:30:17] iter:   10 | change:   0.13191 | c:    297.13030 | v:   0.50016 | time:      1.51 s
[09:30:17] iter:   11 | change:   0.10971 | c:    291.79416 | v:   0.50010 | time:      1.63 s
[09:30:17] iter:   12 | change:   0.11833 | c:    287.22898 | v:   0.49981 | time:      1.74 s
[09:30:17] iter:   13 | change:   0.10041 | c:    281.54905 | v:   0.50008 | time:      1.87 s
[09:30:17] iter:   14 | change:   0.11405 | c:    275.54870 | v:   0.50012 | time:      1.99 s
[09:30:17] iter:   15 | change:   0.10935 | c:    268.55368 | v:   0.50000 | time:      2.12 s
[09:30:17] iter:   16 | change:   0.12240 | c:    260.95333 | v:   0.49976 | time:      2.24 s
[09:30:17] iter:   17 | change:   0.10316 | c:    252.52962 | v:   0.49980 | time:      2.37 s
[09:30:18] iter:   18 | change:   0.12032 | c:    244.19104 | v:   0.49983 | time:      2.48 s
[09:30:18] iter:   19 | change:   0.11322 | c:    236.17967 | v:   0.50014 | time:      2.60 s
[09:30:18] iter:   20 | change:   0.09066 | c:    229.81526 | v:   0.49991 | time:      2.72 s
[09:30:18] iter:   21 | change:   0.06350 | c:    225.49766 | v:   0.49998 | time:      2.84 s
[09:30:18] iter:   22 | change:   0.04278 | c:    223.61378 | v:   0.49989 | time:      2.95 s
[09:30:18] iter:   23 | change:   0.02737 | c:    222.81834 | v:   0.49996 | time:      3.08 s
[09:30:18] iter:   24 | change:   0.02562 | c:    222.47450 | v:   0.49989 | time:      3.21 s
[09:30:18] iter:   25 | change:   0.02509 | c:    222.06332 | v:   0.50011 | time:      3.34 s
[09:30:19] iter:   26 | change:   0.02509 | c:    221.99915 | v:   0.49998 | time:      3.47 s
[09:30:19] iter:   27 | change:   0.02441 | c:    221.79215 | v:   0.50008 | time:      3.60 s
[09:30:19] iter:   28 | change:   0.02426 | c:    221.70759 | v:   0.50006 | time:      3.72 s
[09:30:19] iter:   29 | change:   0.02382 | c:    221.59869 | v:   0.50008 | time:      3.84 s
[09:30:19] iter:   30 | change:   0.02349 | c:    221.53684 | v:   0.50005 | time:      3.97 s
[09:30:19] iter:   31 | change:   0.02308 | c:    221.46834 | v:   0.50003 | time:      4.09 s
[09:30:19] iter:   32 | change:   0.02273 | c:    221.42157 | v:   0.49999 | time:      4.23 s
[09:30:19] iter:   33 | change:   0.02235 | c:    221.37202 | v:   0.49996 | time:      4.36 s
[09:30:20] iter:   34 | change:   0.02272 | c:    221.33432 | v:   0.49991 | time:      4.48 s
[09:30:20] iter:   35 | change:   0.02155 | c:    221.14097 | v:   0.50009 | time:      4.62 s
[09:30:20] iter:   36 | change:   0.02147 | c:    221.12620 | v:   0.50004 | time:      4.75 s
[09:30:20] iter:   37 | change:   0.02096 | c:    221.06136 | v:   0.50004 | time:      4.87 s
[09:30:20] iter:   38 | change:   0.02071 | c:    221.03602 | v:   0.50000 | time:      4.99 s
[09:30:20] iter:   39 | change:   0.02032 | c:    220.99259 | v:   0.49997 | time:      5.11 s
[09:30:20] iter:   40 | change:   0.02078 | c:    220.96731 | v:   0.49992 | time:      5.24 s
[09:30:20] iter:   41 | change:   0.01967 | c:    220.77889 | v:   0.50010 | time:      5.37 s
[09:30:21] iter:   42 | change:   0.01961 | c:    220.77130 | v:   0.50005 | time:      5.49 s
[09:30:21] iter:   43 | change:   0.01918 | c:    220.70896 | v:   0.50006 | time:      5.64 s
[09:30:21] iter:   44 | change:   0.01891 | c:    220.69208 | v:   0.50002 | time:      5.76 s
[09:30:21] iter:   45 | change:   0.01857 | c:    220.65339 | v:   0.49999 | time:      5.88 s
[09:30:21] iter:   46 | change:   0.01829 | c:    220.63521 | v:   0.49994 | time:      6.00 s
[09:30:21] iter:   47 | change:   0.01875 | c:    220.60668 | v:   0.49990 | time:      6.12 s
[09:30:21] iter:   48 | change:   0.01767 | c:    220.43731 | v:   0.50008 | time:      6.24 s
[09:30:21] iter:   49 | change:   0.01766 | c:    220.43034 | v:   0.50004 | time:      6.36 s
[09:30:22] iter:   50 | change:   0.01726 | c:    220.38023 | v:   0.50005 | time:      6.47 s
[09:30:22] iter:   51 | change:   0.01709 | c:    220.36563 | v:   0.50002 | time:      6.59 s
[09:30:22] iter:   52 | change:   0.01679 | c:    220.33466 | v:   0.50000 | time:      6.71 s
[09:30:22] iter:   53 | change:   0.01657 | c:    220.31846 | v:   0.49996 | time:      6.82 s
[09:30:22] iter:   54 | change:   0.01632 | c:    220.29472 | v:   0.49993 | time:      6.94 s
[09:30:22] iter:   55 | change:   0.01682 | c:    220.27782 | v:   0.49989 | time:      7.05 s
[09:30:22] iter:   56 | change:   0.01582 | c:    220.10735 | v:   0.50008 | time:      7.17 s
[09:30:22] iter:   57 | change:   0.01574 | c:    220.10478 | v:   0.50005 | time:      7.28 s
[09:30:22] iter:   58 | change:   0.01551 | c:    220.05635 | v:   0.50007 | time:      7.40 s
[09:30:23] iter:   59 | change:   0.01522 | c:    220.04606 | v:   0.50005 | time:      7.52 s
[09:30:23] iter:   60 | change:   0.01512 | c:    220.01895 | v:   0.50004 | time:      7.68 s
[09:30:23] iter:   61 | change:   0.01481 | c:    220.00735 | v:   0.50000 | time:      7.80 s
[09:30:23] iter:   62 | change:   0.01471 | c:    219.98888 | v:   0.49998 | time:      7.92 s
[09:30:23] iter:   63 | change:   0.01445 | c:    219.97714 | v:   0.49995 | time:      8.04 s
[09:30:23] iter:   64 | change:   0.01428 | c:    219.96250 | v:   0.49992 | time:      8.17 s
[09:30:23] iter:   65 | change:   0.01485 | c:    219.95123 | v:   0.49989 | time:      8.28 s
[09:30:23] iter:   66 | change:   0.01383 | c:    219.79058 | v:   0.50008 | time:      8.40 s
[09:30:24] iter:   67 | change:   0.01384 | c:    219.79305 | v:   0.50007 | time:      8.52 s
[09:30:24] iter:   68 | change:   0.01353 | c:    219.75044 | v:   0.50010 | time:      8.64 s
[09:30:24] iter:   69 | change:   0.01342 | c:    219.74469 | v:   0.50008 | time:      8.75 s
[09:30:24] iter:   70 | change:   0.01320 | c:    219.72115 | v:   0.50008 | time:      8.88 s
[09:30:24] iter:   71 | change:   0.01305 | c:    219.71275 | v:   0.50006 | time:      8.99 s
[09:30:24] iter:   72 | change:   0.01290 | c:    219.69650 | v:   0.50004 | time:      9.11 s
[09:30:24] iter:   73 | change:   0.01272 | c:    219.68680 | v:   0.50002 | time:      9.23 s
[09:30:24] iter:   74 | change:   0.01260 | c:    219.67385 | v:   0.50000 | time:      9.34 s
[09:30:25] iter:   75 | change:   0.01244 | c:    219.66384 | v:   0.49998 | time:      9.46 s
[09:30:25] iter:   76 | change:   0.01228 | c:    219.65215 | v:   0.49996 | time:      9.59 s
[09:30:25] iter:   77 | change:   0.01215 | c:    219.64232 | v:   0.49994 | time:      9.71 s
[09:30:25] iter:   78 | change:   0.01199 | c:    219.63217 | v:   0.49992 | time:      9.83 s
[09:30:25] iter:   79 | change:   0.01262 | c:    219.62340 | v:   0.49990 | time:      9.96 s
[09:30:25] iter:   80 | change:   0.01169 | c:    219.46822 | v:   0.50010 | time:     10.07 s
[09:30:25] iter:   81 | change:   0.01140 | c:    219.47280 | v:   0.50009 | time:     10.19 s
[09:30:25] iter:   82 | change:   0.01227 | c:    219.58266 | v:   0.49991 | time:     10.31 s
[09:30:26] iter:   83 | change:   0.01120 | c:    219.42170 | v:   0.50010 | time:     10.43 s
[09:30:26] iter:   84 | change:   0.01123 | c:    219.44485 | v:   0.50007 | time:     10.55 s
[09:30:26] iter:   85 | change:   0.01104 | c:    219.40721 | v:   0.50010 | time:     10.66 s
[09:30:26] iter:   86 | change:   0.01093 | c:    219.41146 | v:   0.50008 | time:     10.77 s
[09:30:26] iter:   87 | change:   0.01078 | c:    219.39292 | v:   0.50009 | time:     10.88 s
[09:30:26] iter:   88 | change:   0.01067 | c:    219.39157 | v:   0.50007 | time:     10.99 s
[09:30:26] iter:   89 | change:   0.01054 | c:    219.38018 | v:   0.50007 | time:     11.12 s
[09:30:26] iter:   90 | change:   0.01043 | c:    219.37659 | v:   0.50005 | time:     11.26 s
[09:30:26] iter:   91 | change:   0.01031 | c:    219.36824 | v:   0.50004 | time:     11.38 s
[09:30:27] iter:   92 | change:   0.01020 | c:    219.36362 | v:   0.50003 | time:     11.50 s
[09:30:27] iter:   93 | change:   0.01008 | c:    219.35679 | v:   0.50001 | time:     11.61 s
[09:30:27] iter:   94 | change:   0.00996 | c:    219.35151 | v:   0.50000 | time:     11.73 s

Saved step 2 result data:
  C:\Users\campa\Desktop\Structural-Optimization-LUKASTIEBERT\matlab\results\mtop_oc_sensitivity.mat
  C:\Users\campa\Desktop\Structural-Optimization-LUKASTIEBERT\matlab\results\mtop_oc_sensitivity_history.csv
  C:\Users\campa\Desktop\Structural-Optimization-LUKASTIEBERT\matlab\results\mtop_oc_sensitivity_summary.txt
Saved step 2 figures in:
  C:\Users\campa\Desktop\Structural-Optimization-LUKASTIEBERT\matlab\figures

Step 2 completed.
  Iterations:              94
  Elapsed time [s]:        11.73
  MTOP compliance:         219.351513
  Fine-mesh compliance:    224.731076
  Volume fraction:         0.500001
  Speedup vs classical:    20.63

Running assignment step 3: classical OC density baseline
  Mesh:          600 x 200 elements
  Volume target: 0.5000
  Penalization:  3.0000
  Filter radius: 24.0000 elements (density filter)

[09:31:03] iter:    1 | change:   0.20000 | c:   1071.08672 | v:   0.50000 | time:      2.87 s
[09:31:06] iter:    2 | change:   0.20000 | c:    601.85221 | v:   0.49987 | time:      6.02 s
[09:31:08] iter:    3 | change:   0.20000 | c:    430.09513 | v:   0.50004 | time:      8.70 s
[09:31:11] iter:    4 | change:   0.20000 | c:    365.56937 | v:   0.50014 | time:     11.27 s
[09:31:14] iter:    5 | change:   0.16003 | c:    349.21261 | v:   0.49997 | time:     13.87 s
[09:31:16] iter:    6 | change:   0.19508 | c:    338.87467 | v:   0.49990 | time:     16.55 s
[09:31:19] iter:    7 | change:   0.14144 | c:    331.66461 | v:   0.49999 | time:     19.12 s
[09:31:21] iter:    8 | change:   0.17300 | c:    325.48708 | v:   0.49984 | time:     21.70 s
[09:31:24] iter:    9 | change:   0.14047 | c:    319.92331 | v:   0.50000 | time:     24.39 s
[09:31:27] iter:   10 | change:   0.14640 | c:    314.76996 | v:   0.49988 | time:     27.01 s
[09:31:30] iter:   11 | change:   0.18032 | c:    309.29305 | v:   0.50011 | time:     29.73 s
[09:31:32] iter:   12 | change:   0.15419 | c:    304.52525 | v:   0.49994 | time:     32.40 s
[09:31:35] iter:   13 | change:   0.17933 | c:    299.77911 | v:   0.50016 | time:     35.14 s
[09:31:37] iter:   14 | change:   0.17279 | c:    295.41319 | v:   0.50019 | time:     37.72 s
[09:31:40] iter:   15 | change:   0.18474 | c:    291.05640 | v:   0.50002 | time:     40.44 s
[09:31:43] iter:   16 | change:   0.20000 | c:    286.16399 | v:   0.50013 | time:     43.02 s
[09:31:46] iter:   17 | change:   0.20000 | c:    281.37168 | v:   0.50010 | time:     45.77 s
[09:31:48] iter:   18 | change:   0.20000 | c:    277.03769 | v:   0.49999 | time:     48.48 s
[09:31:51] iter:   19 | change:   0.20000 | c:    272.92861 | v:   0.50003 | time:     51.39 s
[09:31:54] iter:   20 | change:   0.20000 | c:    269.15184 | v:   0.50009 | time:     54.08 s
[09:31:57] iter:   21 | change:   0.20000 | c:    265.68477 | v:   0.50003 | time:     56.84 s
[09:31:59] iter:   22 | change:   0.20000 | c:    262.24358 | v:   0.49997 | time:     59.70 s
[09:32:02] iter:   23 | change:   0.20000 | c:    258.77601 | v:   0.49992 | time:     62.57 s
[09:32:05] iter:   24 | change:   0.20000 | c:    255.19748 | v:   0.50007 | time:     65.49 s
[09:32:08] iter:   25 | change:   0.20000 | c:    252.06345 | v:   0.49997 | time:     68.34 s
[09:32:11] iter:   26 | change:   0.20000 | c:    249.58021 | v:   0.50003 | time:     71.12 s
[09:32:14] iter:   27 | change:   0.20000 | c:    247.88769 | v:   0.49998 | time:     73.87 s
[09:32:17] iter:   28 | change:   0.20000 | c:    246.76720 | v:   0.49995 | time:     76.74 s
[09:32:19] iter:   29 | change:   0.20000 | c:    245.98092 | v:   0.50003 | time:     79.52 s
[09:32:22] iter:   30 | change:   0.20000 | c:    245.43549 | v:   0.50000 | time:     82.28 s
[09:32:25] iter:   31 | change:   0.20000 | c:    244.99129 | v:   0.49997 | time:     85.25 s
[09:32:28] iter:   32 | change:   0.17251 | c:    244.60723 | v:   0.49997 | time:     87.90 s
[09:32:31] iter:   33 | change:   0.18668 | c:    244.28576 | v:   0.50002 | time:     90.98 s
[09:32:34] iter:   34 | change:   0.19650 | c:    244.05719 | v:   0.49997 | time:     93.74 s
[09:32:36] iter:   35 | change:   0.20000 | c:    243.83405 | v:   0.49997 | time:     96.53 s
[09:32:39] iter:   36 | change:   0.20000 | c:    243.61442 | v:   0.50001 | time:     99.39 s
[09:32:42] iter:   37 | change:   0.20000 | c:    243.43671 | v:   0.50001 | time:    102.43 s
[09:32:45] iter:   38 | change:   0.13936 | c:    243.30562 | v:   0.49998 | time:    105.24 s
[09:32:48] iter:   39 | change:   0.14735 | c:    243.16511 | v:   0.50002 | time:    108.08 s
[09:32:51] iter:   40 | change:   0.15446 | c:    243.06887 | v:   0.50000 | time:    110.87 s
[09:32:53] iter:   41 | change:   0.15967 | c:    242.96798 | v:   0.50000 | time:    113.61 s
[09:32:56] iter:   42 | change:   0.16322 | c:    242.86154 | v:   0.50002 | time:    116.34 s
[09:32:59] iter:   43 | change:   0.17170 | c:    242.77913 | v:   0.50001 | time:    119.11 s
[09:33:02] iter:   44 | change:   0.18412 | c:    242.68685 | v:   0.50002 | time:    122.04 s
[09:33:05] iter:   45 | change:   0.18124 | c:    242.62193 | v:   0.50000 | time:    124.90 s
[09:33:07] iter:   46 | change:   0.11811 | c:    242.55054 | v:   0.50001 | time:    127.67 s
[09:33:10] iter:   47 | change:   0.10298 | c:    242.50841 | v:   0.49999 | time:    130.35 s
[09:33:13] iter:   48 | change:   0.10612 | c:    242.45378 | v:   0.50000 | time:    133.24 s
[09:33:16] iter:   49 | change:   0.10918 | c:    242.40854 | v:   0.50000 | time:    135.97 s
[09:33:19] iter:   50 | change:   0.11341 | c:    242.36659 | v:   0.50000 | time:    138.78 s
[09:33:21] iter:   51 | change:   0.11714 | c:    242.32494 | v:   0.50000 | time:    141.49 s
[09:33:24] iter:   52 | change:   0.12016 | c:    242.28337 | v:   0.50001 | time:    144.30 s
[09:33:27] iter:   53 | change:   0.12369 | c:    242.25841 | v:   0.49999 | time:    147.13 s
[09:33:30] iter:   54 | change:   0.12506 | c:    242.20567 | v:   0.50001 | time:    150.00 s
[09:33:33] iter:   55 | change:   0.12834 | c:    242.17065 | v:   0.50001 | time:    152.81 s
[09:33:35] iter:   56 | change:   0.14414 | c:    242.14758 | v:   0.49999 | time:    155.58 s
[09:33:38] iter:   57 | change:   0.14712 | c:    242.11550 | v:   0.49998 | time:    158.39 s
[09:33:41] iter:   58 | change:   0.14618 | c:    242.08120 | v:   0.49999 | time:    161.12 s
[09:33:44] iter:   59 | change:   0.14018 | c:    242.03791 | v:   0.50001 | time:    163.88 s
[09:33:46] iter:   60 | change:   0.13933 | c:    242.02563 | v:   0.49999 | time:    166.65 s
[09:33:49] iter:   61 | change:   0.07415 | c:    241.98891 | v:   0.50001 | time:    169.51 s
[09:33:52] iter:   62 | change:   0.07529 | c:    241.97922 | v:   0.50000 | time:    172.45 s
[09:33:55] iter:   63 | change:   0.07187 | c:    241.95307 | v:   0.50001 | time:    175.24 s
[09:33:58] iter:   64 | change:   0.07207 | c:    241.94530 | v:   0.50000 | time:    177.98 s
[09:34:01] iter:   65 | change:   0.06817 | c:    241.92096 | v:   0.50001 | time:    180.75 s
[09:34:03] iter:   66 | change:   0.07118 | c:    241.91241 | v:   0.49999 | time:    183.42 s
[09:34:06] iter:   67 | change:   0.07095 | c:    241.88688 | v:   0.50001 | time:    186.16 s
[09:34:09] iter:   68 | change:   0.07018 | c:    241.87649 | v:   0.50000 | time:    188.89 s
[09:34:11] iter:   69 | change:   0.07287 | c:    241.86522 | v:   0.49999 | time:    191.56 s
[09:34:14] iter:   70 | change:   0.07401 | c:    241.85208 | v:   0.49999 | time:    194.24 s
[09:34:17] iter:   71 | change:   0.07462 | c:    241.83609 | v:   0.49999 | time:    196.96 s
[09:34:19] iter:   72 | change:   0.07631 | c:    241.81859 | v:   0.50000 | time:    199.63 s
[09:34:22] iter:   73 | change:   0.07834 | c:    241.79962 | v:   0.50000 | time:    202.44 s
[09:34:25] iter:   74 | change:   0.07867 | c:    241.78030 | v:   0.50001 | time:    205.18 s
[09:34:28] iter:   75 | change:   0.08026 | c:    241.77307 | v:   0.50000 | time:    207.83 s
[09:34:30] iter:   76 | change:   0.08175 | c:    241.76166 | v:   0.49999 | time:    210.52 s
[09:34:33] iter:   77 | change:   0.08326 | c:    241.74669 | v:   0.49999 | time:    213.29 s
[09:34:36] iter:   78 | change:   0.08493 | c:    241.72849 | v:   0.50000 | time:    215.99 s
[09:34:38] iter:   79 | change:   0.09292 | c:    241.70757 | v:   0.50001 | time:    218.68 s
[09:34:41] iter:   80 | change:   0.10319 | c:    241.69769 | v:   0.50000 | time:    221.47 s
[09:34:44] iter:   81 | change:   0.10366 | c:    241.68443 | v:   0.50000 | time:    224.25 s
[09:34:47] iter:   82 | change:   0.09969 | c:    241.66933 | v:   0.50000 | time:    226.98 s
[09:34:50] iter:   83 | change:   0.10158 | c:    241.65582 | v:   0.50000 | time:    229.76 s
[09:34:52] iter:   84 | change:   0.10268 | c:    241.64340 | v:   0.50000 | time:    232.41 s
[09:34:55] iter:   85 | change:   0.09767 | c:    241.63306 | v:   0.50000 | time:    235.20 s
[09:34:58] iter:   86 | change:   0.09811 | c:    241.61528 | v:   0.50001 | time:    237.91 s
[09:35:00] iter:   87 | change:   0.09717 | c:    241.60343 | v:   0.50001 | time:    240.66 s
[09:35:03] iter:   88 | change:   0.09558 | c:    241.59598 | v:   0.50001 | time:    243.44 s
[09:35:06] iter:   89 | change:   0.06397 | c:    241.59243 | v:   0.50000 | time:    246.26 s
[09:35:09] iter:   90 | change:   0.06353 | c:    241.58108 | v:   0.50001 | time:    248.95 s
[09:35:11] iter:   91 | change:   0.06638 | c:    241.58305 | v:   0.49999 | time:    251.66 s
[09:35:14] iter:   92 | change:   0.06720 | c:    241.57472 | v:   0.49999 | time:    254.41 s
[09:35:17] iter:   93 | change:   0.06813 | c:    241.56830 | v:   0.49999 | time:    257.09 s
[09:35:20] iter:   94 | change:   0.06827 | c:    241.55235 | v:   0.50001 | time:    259.86 s
[09:35:22] iter:   95 | change:   0.06918 | c:    241.54782 | v:   0.50001 | time:    262.58 s
[09:35:25] iter:   96 | change:   0.06918 | c:    241.54403 | v:   0.50000 | time:    265.35 s
[09:35:28] iter:   97 | change:   0.06817 | c:    241.54015 | v:   0.50000 | time:    268.09 s
[09:35:31] iter:   98 | change:   0.06762 | c:    241.53605 | v:   0.49999 | time:    270.77 s
[09:35:33] iter:   99 | change:   0.07229 | c:    241.52174 | v:   0.50001 | time:    273.59 s
[09:35:36] iter:  100 | change:   0.06913 | c:    241.51857 | v:   0.50000 | time:    276.33 s
[09:35:39] iter:  101 | change:   0.06670 | c:    241.51613 | v:   0.50000 | time:    279.05 s
[09:35:42] iter:  102 | change:   0.07130 | c:    241.50430 | v:   0.50001 | time:    281.77 s
[09:35:44] iter:  103 | change:   0.06662 | c:    241.50263 | v:   0.50000 | time:    284.60 s
[09:35:47] iter:  104 | change:   0.07428 | c:    241.50140 | v:   0.49999 | time:    287.30 s
[09:35:50] iter:  105 | change:   0.06756 | c:    241.49086 | v:   0.50000 | time:    290.12 s
[09:35:53] iter:  106 | change:   0.07533 | c:    241.48991 | v:   0.50000 | time:    292.90 s
[09:35:55] iter:  107 | change:   0.06843 | c:    241.47950 | v:   0.50000 | time:    295.71 s
[09:35:58] iter:  108 | change:   0.06542 | c:    241.47847 | v:   0.50000 | time:    298.55 s
[09:36:01] iter:  109 | change:   0.06967 | c:    241.46754 | v:   0.50001 | time:    301.37 s
[09:36:04] iter:  110 | change:   0.06601 | c:    241.46596 | v:   0.50000 | time:    304.26 s
[09:36:07] iter:  111 | change:   0.06555 | c:    241.46399 | v:   0.49999 | time:    307.07 s
[09:36:10] iter:  112 | change:   0.06422 | c:    241.45317 | v:   0.50000 | time:    309.82 s
[09:36:13] iter:  113 | change:   0.05578 | c:    241.45222 | v:   0.50000 | time:    312.83 s
[09:36:15] iter:  114 | change:   0.05243 | c:    241.44228 | v:   0.50001 | time:    315.52 s
[09:36:18] iter:  115 | change:   0.05322 | c:    241.44186 | v:   0.50000 | time:    318.28 s
[09:36:21] iter:  116 | change:   0.05560 | c:    241.44049 | v:   0.49999 | time:    321.18 s
[09:36:24] iter:  117 | change:   0.05490 | c:    241.42921 | v:   0.50000 | time:    324.02 s
[09:36:27] iter:  118 | change:   0.05575 | c:    241.42617 | v:   0.50000 | time:    326.88 s
[09:36:30] iter:  119 | change:   0.05663 | c:    241.42273 | v:   0.50000 | time:    329.98 s
[09:36:33] iter:  120 | change:   0.05569 | c:    241.41909 | v:   0.50000 | time:    332.96 s
[09:36:36] iter:  121 | change:   0.05595 | c:    241.41456 | v:   0.50000 | time:    335.92 s
[09:36:38] iter:  122 | change:   0.05705 | c:    241.40888 | v:   0.50000 | time:    338.68 s
[09:36:41] iter:  123 | change:   0.05830 | c:    241.40252 | v:   0.50000 | time:    341.45 s
[09:36:44] iter:  124 | change:   0.05596 | c:    241.39533 | v:   0.50000 | time:    344.38 s
[09:36:47] iter:  125 | change:   0.05921 | c:    241.39581 | v:   0.50000 | time:    347.12 s
[09:36:50] iter:  126 | change:   0.05801 | c:    241.38678 | v:   0.50000 | time:    350.05 s
[09:36:53] iter:  127 | change:   0.06092 | c:    241.38557 | v:   0.50000 | time:    352.96 s
[09:36:56] iter:  128 | change:   0.06100 | c:    241.37494 | v:   0.50001 | time:    356.15 s
[09:36:59] iter:  129 | change:   0.06297 | c:    241.37225 | v:   0.50000 | time:    359.12 s
[09:37:02] iter:  130 | change:   0.06422 | c:    241.36906 | v:   0.50000 | time:    362.22 s
[09:37:05] iter:  131 | change:   0.06627 | c:    241.36512 | v:   0.50000 | time:    365.21 s
[09:37:08] iter:  132 | change:   0.06743 | c:    241.35998 | v:   0.50000 | time:    368.09 s
[09:37:11] iter:  133 | change:   0.06737 | c:    241.35403 | v:   0.50000 | time:    370.84 s
[09:37:14] iter:  134 | change:   0.06442 | c:    241.34762 | v:   0.50000 | time:    373.76 s
[09:37:16] iter:  135 | change:   0.06381 | c:    241.34857 | v:   0.49999 | time:    376.62 s
[09:37:19] iter:  136 | change:   0.06684 | c:    241.33939 | v:   0.50000 | time:    379.59 s
[09:37:22] iter:  137 | change:   0.06406 | c:    241.33778 | v:   0.50000 | time:    382.56 s
[09:37:25] iter:  138 | change:   0.06795 | c:    241.32700 | v:   0.50001 | time:    385.39 s
[09:37:28] iter:  139 | change:   0.06241 | c:    241.32325 | v:   0.50000 | time:    388.21 s
[09:37:31] iter:  140 | change:   0.06614 | c:    241.31800 | v:   0.50001 | time:    391.19 s
[09:37:34] iter:  141 | change:   0.06138 | c:    241.31983 | v:   0.49999 | time:    393.94 s
[09:37:37] iter:  142 | change:   0.06634 | c:    241.31260 | v:   0.50000 | time:    396.75 s
[09:37:39] iter:  143 | change:   0.06402 | c:    241.30539 | v:   0.50000 | time:    399.60 s
[09:37:42] iter:  144 | change:   0.06302 | c:    241.29755 | v:   0.50001 | time:    402.56 s
[09:37:45] iter:  145 | change:   0.06993 | c:    241.29752 | v:   0.50000 | time:    405.50 s
[09:37:48] iter:  146 | change:   0.06108 | c:    241.28806 | v:   0.50001 | time:    408.31 s
[09:37:51] iter:  147 | change:   0.06617 | c:    241.28674 | v:   0.50000 | time:    411.11 s
[09:37:54] iter:  148 | change:   0.06103 | c:    241.28476 | v:   0.50000 | time:    413.86 s
[09:37:57] iter:  149 | change:   0.06457 | c:    241.27456 | v:   0.50001 | time:    416.77 s
[09:37:59] iter:  150 | change:   0.05924 | c:    241.27213 | v:   0.50000 | time:    419.48 s
[09:38:02] iter:  151 | change:   0.06404 | c:    241.26931 | v:   0.50000 | time:    422.42 s
[09:38:05] iter:  152 | change:   0.06057 | c:    241.26642 | v:   0.50000 | time:    425.29 s
[09:38:08] iter:  153 | change:   0.06708 | c:    241.26324 | v:   0.50000 | time:    428.18 s
[09:38:11] iter:  154 | change:   0.05570 | c:    241.25255 | v:   0.50001 | time:    431.15 s
[09:38:14] iter:  155 | change:   0.05455 | c:    241.25043 | v:   0.50000 | time:    434.17 s
[09:38:17] iter:  156 | change:   0.05948 | c:    241.24963 | v:   0.50000 | time:    437.22 s
[09:38:20] iter:  157 | change:   0.05612 | c:    241.24283 | v:   0.50000 | time:    440.43 s
[09:38:23] iter:  158 | change:   0.05630 | c:    241.23835 | v:   0.50000 | time:    443.35 s
[09:38:26] iter:  159 | change:   0.05940 | c:    241.23573 | v:   0.50000 | time:    446.23 s
[09:38:29] iter:  160 | change:   0.05490 | c:    241.23376 | v:   0.50000 | time:    449.25 s
[09:38:32] iter:  161 | change:   0.05683 | c:    241.23281 | v:   0.50000 | time:    452.20 s
[09:38:35] iter:  162 | change:   0.05577 | c:    241.23202 | v:   0.49999 | time:    455.02 s
[09:38:38] iter:  163 | change:   0.05615 | c:    241.22494 | v:   0.50000 | time:    458.08 s
[09:38:41] iter:  164 | change:   0.05631 | c:    241.22533 | v:   0.50000 | time:    461.04 s
[09:38:44] iter:  165 | change:   0.04478 | c:    241.21894 | v:   0.50000 | time:    463.85 s
[09:38:47] iter:  166 | change:   0.04906 | c:    241.22046 | v:   0.50000 | time:    466.85 s
[09:38:50] iter:  167 | change:   0.05213 | c:    241.21530 | v:   0.50000 | time:    469.86 s
[09:38:52] iter:  168 | change:   0.05033 | c:    241.21015 | v:   0.50000 | time:    472.72 s
[09:38:56] iter:  169 | change:   0.04738 | c:    241.21195 | v:   0.50000 | time:    475.77 s
[09:38:58] iter:  170 | change:   0.04833 | c:    241.20666 | v:   0.50000 | time:    478.61 s
[09:39:02] iter:  171 | change:   0.04645 | c:    241.20176 | v:   0.50000 | time:    481.82 s
[09:39:05] iter:  172 | change:   0.04902 | c:    241.20350 | v:   0.50000 | time:    485.17 s
[09:39:08] iter:  173 | change:   0.04855 | c:    241.19828 | v:   0.50000 | time:    488.48 s
[09:39:11] iter:  174 | change:   0.05125 | c:    241.19951 | v:   0.49999 | time:    491.50 s
[09:39:14] iter:  175 | change:   0.05089 | c:    241.19394 | v:   0.50000 | time:    494.38 s
[09:39:17] iter:  176 | change:   0.05191 | c:    241.18826 | v:   0.50000 | time:    497.09 s
[09:39:20] iter:  177 | change:   0.05332 | c:    241.18895 | v:   0.50000 | time:    500.02 s
[09:39:23] iter:  178 | change:   0.05308 | c:    241.18288 | v:   0.50000 | time:    502.93 s
[09:39:26] iter:  179 | change:   0.05430 | c:    241.18380 | v:   0.50000 | time:    505.83 s
[09:39:28] iter:  180 | change:   0.05406 | c:    241.17809 | v:   0.50000 | time:    508.60 s
[09:39:31] iter:  181 | change:   0.05702 | c:    241.17881 | v:   0.50000 | time:    511.38 s
[09:39:34] iter:  182 | change:   0.05636 | c:    241.17274 | v:   0.50000 | time:    514.19 s
[09:39:37] iter:  183 | change:   0.06169 | c:    241.17319 | v:   0.50000 | time:    516.99 s
[09:39:40] iter:  184 | change:   0.06449 | c:    241.16718 | v:   0.50000 | time:    519.74 s
[09:39:42] iter:  185 | change:   0.07035 | c:    241.16799 | v:   0.50000 | time:    522.50 s
[09:39:45] iter:  186 | change:   0.07185 | c:    241.16285 | v:   0.50000 | time:    525.53 s
[09:39:49] iter:  187 | change:   0.07292 | c:    241.16052 | v:   0.50000 | time:    528.74 s
[09:39:52] iter:  188 | change:   0.07376 | c:    241.16044 | v:   0.50000 | time:    531.88 s
[09:39:55] iter:  189 | change:   0.06936 | c:    241.15502 | v:   0.50000 | time:    535.02 s
[09:39:58] iter:  190 | change:   0.07687 | c:    241.15557 | v:   0.50000 | time:    537.82 s
[09:40:01] iter:  191 | change:   0.07011 | c:    241.15024 | v:   0.50000 | time:    540.89 s
[09:40:04] iter:  192 | change:   0.07774 | c:    241.15117 | v:   0.50000 | time:    544.15 s
[09:40:07] iter:  193 | change:   0.06896 | c:    241.14622 | v:   0.50000 | time:    547.07 s
[09:40:10] iter:  194 | change:   0.07650 | c:    241.14757 | v:   0.50000 | time:    549.93 s
[09:40:13] iter:  195 | change:   0.06638 | c:    241.14269 | v:   0.50000 | time:    552.80 s
[09:40:15] iter:  196 | change:   0.07358 | c:    241.14399 | v:   0.50000 | time:    555.67 s
[09:40:18] iter:  197 | change:   0.06296 | c:    241.13942 | v:   0.50000 | time:    558.60 s
[09:40:21] iter:  198 | change:   0.06968 | c:    241.14054 | v:   0.50000 | time:    561.59 s
[09:40:24] iter:  199 | change:   0.07562 | c:    241.13587 | v:   0.50000 | time:    564.43 s
[09:40:27] iter:  200 | change:   0.06438 | c:    241.13115 | v:   0.50000 | time:    567.19 s
[09:40:30] iter:  201 | change:   0.07124 | c:    241.13265 | v:   0.50000 | time:    570.07 s
[09:40:33] iter:  202 | change:   0.06597 | c:    241.12874 | v:   0.50000 | time:    572.85 s
[09:40:36] iter:  203 | change:   0.06762 | c:    241.13040 | v:   0.50000 | time:    575.74 s
[09:40:38] iter:  204 | change:   0.07318 | c:    241.12639 | v:   0.50000 | time:    578.70 s
[09:40:42] iter:  205 | change:   0.06428 | c:    241.12279 | v:   0.50000 | time:    582.06 s
[09:40:45] iter:  206 | change:   0.07098 | c:    241.12531 | v:   0.50000 | time:    585.14 s
[09:40:48] iter:  207 | change:   0.06640 | c:    241.12214 | v:   0.50000 | time:    588.37 s
[09:40:52] iter:  208 | change:   0.06823 | c:    241.11928 | v:   0.50000 | time:    591.76 s
[09:40:55] iter:  209 | change:   0.04972 | c:    241.11686 | v:   0.50000 | time:    595.09 s
[09:40:58] iter:  210 | change:   0.04784 | c:    241.11530 | v:   0.50000 | time:    598.13 s
[09:41:01] iter:  211 | change:   0.05077 | c:    241.11413 | v:   0.50000 | time:    600.94 s
[09:41:04] iter:  212 | change:   0.05388 | c:    241.11273 | v:   0.50000 | time:    603.78 s
[09:41:07] iter:  213 | change:   0.03786 | c:    241.11121 | v:   0.50000 | time:    606.82 s
[09:41:10] iter:  214 | change:   0.04010 | c:    241.11015 | v:   0.50000 | time:    610.15 s
[09:41:13] iter:  215 | change:   0.04248 | c:    241.10906 | v:   0.50000 | time:    613.21 s
[09:41:16] iter:  216 | change:   0.04499 | c:    241.10770 | v:   0.50000 | time:    616.46 s
[09:41:20] iter:  217 | change:   0.04765 | c:    241.10607 | v:   0.50000 | time:    620.59 s
[09:41:24] iter:  218 | change:   0.05045 | c:    241.10453 | v:   0.50000 | time:    624.06 s
[09:41:27] iter:  219 | change:   0.04922 | c:    241.10282 | v:   0.50000 | time:    627.40 s
[09:41:31] iter:  220 | change:   0.05371 | c:    241.10584 | v:   0.50000 | time:    631.16 s
[09:41:34] iter:  221 | change:   0.05068 | c:    241.10366 | v:   0.50000 | time:    634.15 s
[09:41:37] iter:  222 | change:   0.04554 | c:    241.10176 | v:   0.50000 | time:    637.16 s
[09:41:40] iter:  223 | change:   0.04830 | c:    241.09980 | v:   0.50000 | time:    640.07 s
[09:41:43] iter:  224 | change:   0.05120 | c:    241.09788 | v:   0.50000 | time:    643.12 s
[09:41:46] iter:  225 | change:   0.05136 | c:    241.09590 | v:   0.50000 | time:    646.17 s
[09:41:49] iter:  226 | change:   0.04189 | c:    241.09399 | v:   0.50000 | time:    649.20 s
[09:41:52] iter:  227 | change:   0.04295 | c:    241.09232 | v:   0.50000 | time:    652.16 s
[09:41:55] iter:  228 | change:   0.04685 | c:    241.09522 | v:   0.50000 | time:    655.18 s
[09:41:58] iter:  229 | change:   0.04958 | c:    241.09302 | v:   0.50000 | time:    658.32 s
[09:42:01] iter:  230 | change:   0.05246 | c:    241.09072 | v:   0.50000 | time:    661.36 s
[09:42:04] iter:  231 | change:   0.04732 | c:    241.08818 | v:   0.50000 | time:    664.43 s
[09:42:07] iter:  232 | change:   0.03775 | c:    241.08557 | v:   0.50000 | time:    667.41 s
[09:42:10] iter:  233 | change:   0.04110 | c:    241.08770 | v:   0.50000 | time:    670.39 s
[09:42:13] iter:  234 | change:   0.04162 | c:    241.08463 | v:   0.50000 | time:    673.47 s
[09:42:16] iter:  235 | change:   0.04529 | c:    241.08601 | v:   0.50000 | time:    676.47 s
[09:42:19] iter:  236 | change:   0.04499 | c:    241.08214 | v:   0.50000 | time:    679.53 s
[09:42:22] iter:  237 | change:   0.04907 | c:    241.08305 | v:   0.50000 | time:    682.41 s
[09:42:25] iter:  238 | change:   0.04970 | c:    241.07878 | v:   0.50000 | time:    685.50 s
[09:42:28] iter:  239 | change:   0.04267 | c:    241.07917 | v:   0.50000 | time:    688.64 s
[09:42:31] iter:  240 | change:   0.04351 | c:    241.07454 | v:   0.50000 | time:    691.62 s
[09:42:34] iter:  241 | change:   0.04584 | c:    241.07449 | v:   0.50000 | time:    694.46 s
[09:42:37] iter:  242 | change:   0.03894 | c:    241.07405 | v:   0.50000 | time:    697.44 s
[09:42:40] iter:  243 | change:   0.04123 | c:    241.07323 | v:   0.50000 | time:    700.72 s
[09:42:43] iter:  244 | change:   0.04365 | c:    241.07241 | v:   0.50000 | time:    703.72 s
[09:42:46] iter:  245 | change:   0.04621 | c:    241.07129 | v:   0.50000 | time:    706.70 s
[09:42:50] iter:  246 | change:   0.04892 | c:    241.06962 | v:   0.50000 | time:    710.10 s
[09:42:53] iter:  247 | change:   0.05178 | c:    241.06744 | v:   0.50000 | time:    713.15 s
[09:42:56] iter:  248 | change:   0.04742 | c:    241.06514 | v:   0.50000 | time:    716.50 s
[09:42:59] iter:  249 | change:   0.05022 | c:    241.06278 | v:   0.50000 | time:    719.71 s
[09:43:02] iter:  250 | change:   0.04403 | c:    241.05988 | v:   0.50000 | time:    722.68 s
[09:43:05] iter:  251 | change:   0.04801 | c:    241.06152 | v:   0.50000 | time:    725.68 s
[09:43:09] iter:  252 | change:   0.03865 | c:    241.05752 | v:   0.50000 | time:    728.74 s
[09:43:11] iter:  253 | change:   0.04205 | c:    241.05802 | v:   0.50000 | time:    731.69 s
[09:43:14] iter:  254 | change:   0.04255 | c:    241.05283 | v:   0.50000 | time:    734.53 s
[09:43:17] iter:  255 | change:   0.04115 | c:    241.05203 | v:   0.50000 | time:    737.41 s
[09:43:20] iter:  256 | change:   0.04396 | c:    241.05062 | v:   0.50000 | time:    740.42 s
[09:43:23] iter:  257 | change:   0.04750 | c:    241.04869 | v:   0.50000 | time:    743.47 s
[09:43:26] iter:  258 | change:   0.05129 | c:    241.04616 | v:   0.50000 | time:    746.62 s
[09:43:29] iter:  259 | change:   0.05536 | c:    241.04301 | v:   0.50000 | time:    749.53 s
[09:43:32] iter:  260 | change:   0.05841 | c:    241.03922 | v:   0.50000 | time:    752.57 s
[09:43:35] iter:  261 | change:   0.06429 | c:    241.03980 | v:   0.50000 | time:    755.60 s
[09:43:38] iter:  262 | change:   0.06771 | c:    241.03395 | v:   0.50000 | time:    758.43 s
[09:43:41] iter:  263 | change:   0.07094 | c:    241.03301 | v:   0.50000 | time:    761.41 s
[09:43:44] iter:  264 | change:   0.07132 | c:    241.03137 | v:   0.50000 | time:    764.44 s
[09:43:47] iter:  265 | change:   0.07040 | c:    241.02997 | v:   0.50000 | time:    767.47 s
[09:43:50] iter:  266 | change:   0.06651 | c:    241.02324 | v:   0.50000 | time:    770.28 s
[09:43:53] iter:  267 | change:   0.06967 | c:    241.02221 | v:   0.50000 | time:    773.34 s
[09:43:56] iter:  268 | change:   0.07298 | c:    241.02141 | v:   0.50000 | time:    776.33 s
[09:43:59] iter:  269 | change:   0.06832 | c:    241.01524 | v:   0.50000 | time:    779.28 s
[09:44:02] iter:  270 | change:   0.07634 | c:    241.01566 | v:   0.50000 | time:    782.01 s
[09:44:05] iter:  271 | change:   0.06657 | c:    241.01094 | v:   0.50000 | time:    784.94 s
[09:44:07] iter:  272 | change:   0.07299 | c:    241.00766 | v:   0.50000 | time:    787.71 s
[09:44:10] iter:  273 | change:   0.08154 | c:    241.00752 | v:   0.50000 | time:    790.58 s
[09:44:13] iter:  274 | change:   0.07098 | c:    241.00510 | v:   0.50000 | time:    793.37 s
[09:44:16] iter:  275 | change:   0.07607 | c:    241.00180 | v:   0.50000 | time:    796.30 s
[09:44:19] iter:  276 | change:   0.07293 | c:    241.00390 | v:   0.50000 | time:    799.08 s
[09:44:22] iter:  277 | change:   0.07163 | c:    241.00107 | v:   0.50000 | time:    801.98 s
[09:44:25] iter:  278 | change:   0.07813 | c:    240.99882 | v:   0.50000 | time:    804.83 s
[09:44:27] iter:  279 | change:   0.06696 | c:    240.99707 | v:   0.50000 | time:    807.61 s
[09:44:30] iter:  280 | change:   0.07290 | c:    240.99591 | v:   0.50000 | time:    810.48 s
[09:44:33] iter:  281 | change:   0.07943 | c:    240.99508 | v:   0.50000 | time:    813.32 s
[09:44:36] iter:  282 | change:   0.07028 | c:    240.99447 | v:   0.50000 | time:    816.21 s
[09:44:39] iter:  283 | change:   0.07800 | c:    240.99421 | v:   0.50000 | time:    819.04 s
[09:44:42] iter:  284 | change:   0.07154 | c:    240.98972 | v:   0.50000 | time:    821.90 s
[09:44:45] iter:  285 | change:   0.07778 | c:    240.98994 | v:   0.50000 | time:    824.82 s
[09:44:47] iter:  286 | change:   0.05377 | c:    240.99034 | v:   0.50000 | time:    827.66 s
[09:44:50] iter:  287 | change:   0.03760 | c:    240.98772 | v:   0.50000 | time:    830.53 s
[09:44:53] iter:  288 | change:   0.03879 | c:    240.98573 | v:   0.50000 | time:    833.41 s
[09:44:56] iter:  289 | change:   0.04241 | c:    240.98782 | v:   0.50000 | time:    836.32 s
[09:44:59] iter:  290 | change:   0.04507 | c:    240.98556 | v:   0.50000 | time:    839.24 s
[09:45:02] iter:  291 | change:   0.04789 | c:    240.98337 | v:   0.50000 | time:    842.02 s
[09:45:05] iter:  292 | change:   0.04940 | c:    240.98151 | v:   0.50000 | time:    844.91 s
[09:45:07] iter:  293 | change:   0.05396 | c:    240.98373 | v:   0.50000 | time:    847.70 s
[09:45:10] iter:  294 | change:   0.05047 | c:    240.98172 | v:   0.50000 | time:    850.61 s
[09:45:13] iter:  295 | change:   0.05341 | c:    240.97977 | v:   0.50000 | time:    853.33 s
[09:45:16] iter:  296 | change:   0.04231 | c:    240.97822 | v:   0.50000 | time:    856.20 s
[09:45:19] iter:  297 | change:   0.04365 | c:    240.97691 | v:   0.50000 | time:    859.09 s
[09:45:22] iter:  298 | change:   0.04767 | c:    240.97957 | v:   0.50000 | time:    862.04 s
[09:45:25] iter:  299 | change:   0.05063 | c:    240.97797 | v:   0.50000 | time:    864.99 s
[09:45:28] iter:  300 | change:   0.05377 | c:    240.97629 | v:   0.50000 | time:    867.92 s
[Warning: Maximum iteration count reached before the change tolerance was met.] 
[> In run_classical_oc_density>solve_classical_mbb_oc_density (line 175)
In run_classical_oc_density (line 38)
In run_assignment (line 69)] 

Saved step 3 (classical) result data:
  C:\Users\campa\Desktop\Structural-Optimization-LUKASTIEBERT\matlab\results\classical_oc_density.mat
  C:\Users\campa\Desktop\Structural-Optimization-LUKASTIEBERT\matlab\results\classical_oc_density_history.csv
  C:\Users\campa\Desktop\Structural-Optimization-LUKASTIEBERT\matlab\results\classical_oc_density_summary.txt
Saved step 3 (classical) figures in:
  C:\Users\campa\Desktop\Structural-Optimization-LUKASTIEBERT\matlab\figures

Step 3 (classical density) completed.
  Iterations:       300
  Elapsed time [s]: 867.92
  Compliance:       240.976293
  Volume fraction:  0.500000

Running assignment step 3: MTOP OC density baseline
  FE mesh:       120 x 40 elements
  Density mesh:  600 x 200 cells
  Cells per FE:  5 x 5
  Volume target: 0.5000
  Penalization:  3.0000
  Filter radius: 24.0000 density cells (density filter)

[09:45:35] iter:    1 | change:   0.20000 | c:   1027.43234 | v:   0.50000 | time:      0.47 s
[09:45:35] iter:    2 | change:   0.20000 | c:    585.96785 | v:   0.50006 | time:      0.91 s
[09:45:36] iter:    3 | change:   0.20000 | c:    423.68238 | v:   0.49993 | time:      1.34 s
[09:45:36] iter:    4 | change:   0.20000 | c:    360.54861 | v:   0.50027 | time:      1.81 s
[09:45:37] iter:    5 | change:   0.15721 | c:    344.02831 | v:   0.50013 | time:      2.25 s
[09:45:37] iter:    6 | change:   0.19406 | c:    333.85759 | v:   0.49987 | time:      2.71 s
[09:45:38] iter:    7 | change:   0.14114 | c:    326.44392 | v:   0.50004 | time:      3.16 s
[09:45:38] iter:    8 | change:   0.17068 | c:    319.90623 | v:   0.50009 | time:      3.59 s
[09:45:38] iter:    9 | change:   0.14533 | c:    314.49366 | v:   0.50003 | time:      4.02 s
[09:45:39] iter:   10 | change:   0.14732 | c:    309.18401 | v:   0.49994 | time:      4.45 s
[09:45:39] iter:   11 | change:   0.17826 | c:    303.80913 | v:   0.50005 | time:      4.88 s
[09:45:40] iter:   12 | change:   0.15148 | c:    299.00453 | v:   0.49998 | time:      5.31 s
[09:45:40] iter:   13 | change:   0.17988 | c:    294.76892 | v:   0.49982 | time:      5.75 s
[09:45:41] iter:   14 | change:   0.17284 | c:    290.19464 | v:   0.50007 | time:      6.20 s
[09:45:41] iter:   15 | change:   0.18907 | c:    285.63305 | v:   0.50012 | time:      6.70 s
[09:45:42] iter:   16 | change:   0.20000 | c:    280.81146 | v:   0.50018 | time:      7.18 s
[09:45:42] iter:   17 | change:   0.20000 | c:    276.12768 | v:   0.50005 | time:      7.68 s
[09:45:43] iter:   18 | change:   0.20000 | c:    271.78076 | v:   0.49999 | time:      8.12 s
[09:45:43] iter:   19 | change:   0.20000 | c:    267.67291 | v:   0.50008 | time:      8.56 s
[09:45:43] iter:   20 | change:   0.20000 | c:    264.06268 | v:   0.50001 | time:      9.06 s
[09:45:44] iter:   21 | change:   0.20000 | c:    260.62063 | v:   0.50000 | time:      9.56 s
[09:45:45] iter:   22 | change:   0.20000 | c:    257.22192 | v:   0.50002 | time:     10.10 s
[09:45:45] iter:   23 | change:   0.20000 | c:    253.78272 | v:   0.50007 | time:     10.66 s
[09:45:46] iter:   24 | change:   0.20000 | c:    250.39565 | v:   0.50002 | time:     11.19 s
[09:45:46] iter:   25 | change:   0.20000 | c:    247.25757 | v:   0.49995 | time:     11.68 s
[09:45:47] iter:   26 | change:   0.20000 | c:    244.71101 | v:   0.50004 | time:     12.22 s
[09:45:47] iter:   27 | change:   0.20000 | c:    242.87423 | v:   0.50003 | time:     12.78 s
[09:45:48] iter:   28 | change:   0.20000 | c:    241.61307 | v:   0.49996 | time:     13.24 s
[09:45:48] iter:   29 | change:   0.20000 | c:    240.73708 | v:   0.50003 | time:     13.68 s
[09:45:49] iter:   30 | change:   0.20000 | c:    240.17901 | v:   0.49997 | time:     14.13 s
[09:45:49] iter:   31 | change:   0.20000 | c:    239.67406 | v:   0.50002 | time:     14.58 s
[09:45:49] iter:   32 | change:   0.16871 | c:    239.28362 | v:   0.50001 | time:     15.02 s
[09:45:50] iter:   33 | change:   0.18391 | c:    238.98757 | v:   0.49999 | time:     15.47 s
[09:45:50] iter:   34 | change:   0.19148 | c:    238.70941 | v:   0.50003 | time:     15.95 s
[09:45:51] iter:   35 | change:   0.20000 | c:    238.49445 | v:   0.50001 | time:     16.44 s
[09:45:51] iter:   36 | change:   0.20000 | c:    238.31059 | v:   0.49999 | time:     16.95 s
[09:45:52] iter:   37 | change:   0.20000 | c:    238.11847 | v:   0.50000 | time:     17.46 s
[09:45:52] iter:   38 | change:   0.13724 | c:    237.96132 | v:   0.50001 | time:     18.00 s
[09:45:53] iter:   39 | change:   0.14583 | c:    237.84868 | v:   0.49999 | time:     18.52 s
[09:45:53] iter:   40 | change:   0.15165 | c:    237.74111 | v:   0.49999 | time:     19.01 s
[09:45:54] iter:   41 | change:   0.15615 | c:    237.63403 | v:   0.50000 | time:     19.47 s
[09:45:54] iter:   42 | change:   0.16068 | c:    237.55353 | v:   0.49998 | time:     19.92 s
[09:45:55] iter:   43 | change:   0.16456 | c:    237.46691 | v:   0.49998 | time:     20.34 s
[09:45:55] iter:   44 | change:   0.17992 | c:    237.37358 | v:   0.50000 | time:     20.78 s
[09:45:56] iter:   45 | change:   0.18357 | c:    237.29828 | v:   0.49999 | time:     21.22 s
[09:45:56] iter:   46 | change:   0.17928 | c:    237.23093 | v:   0.49998 | time:     21.70 s
[09:45:57] iter:   47 | change:   0.10282 | c:    237.16596 | v:   0.49999 | time:     22.16 s
[09:45:57] iter:   48 | change:   0.10342 | c:    237.10448 | v:   0.50002 | time:     22.58 s
[09:45:57] iter:   49 | change:   0.10700 | c:    237.07768 | v:   0.49999 | time:     23.07 s
[09:45:58] iter:   50 | change:   0.11106 | c:    237.02929 | v:   0.50000 | time:     23.56 s
[09:45:58] iter:   51 | change:   0.11409 | c:    236.98354 | v:   0.50001 | time:     24.07 s
[09:45:59] iter:   52 | change:   0.11739 | c:    236.95770 | v:   0.49999 | time:     24.51 s
[09:45:59] iter:   53 | change:   0.11992 | c:    236.90738 | v:   0.50001 | time:     24.98 s
[09:46:00] iter:   54 | change:   0.12389 | c:    236.87789 | v:   0.50000 | time:     25.45 s
[09:46:00] iter:   55 | change:   0.12507 | c:    236.84377 | v:   0.50000 | time:     25.94 s
[09:46:01] iter:   56 | change:   0.12773 | c:    236.80483 | v:   0.50001 | time:     26.42 s
[09:46:01] iter:   57 | change:   0.14012 | c:    236.77828 | v:   0.49999 | time:     26.84 s
[09:46:02] iter:   58 | change:   0.14447 | c:    236.74357 | v:   0.49999 | time:     27.28 s
[09:46:02] iter:   59 | change:   0.13910 | c:    236.70841 | v:   0.50000 | time:     27.71 s
[09:46:03] iter:   60 | change:   0.14033 | c:    236.68138 | v:   0.50000 | time:     28.14 s
[09:46:03] iter:   61 | change:   0.13918 | c:    236.66271 | v:   0.49999 | time:     28.56 s
[09:46:03] iter:   62 | change:   0.07895 | c:    236.63622 | v:   0.50000 | time:     29.01 s
[09:46:04] iter:   63 | change:   0.07874 | c:    236.61875 | v:   0.49999 | time:     29.49 s
[09:46:04] iter:   64 | change:   0.07991 | c:    236.60438 | v:   0.49999 | time:     29.95 s
[09:46:05] iter:   65 | change:   0.07765 | c:    236.57424 | v:   0.50001 | time:     30.43 s
[09:46:05] iter:   66 | change:   0.07614 | c:    236.56092 | v:   0.50001 | time:     30.86 s
[09:46:06] iter:   67 | change:   0.07049 | c:    236.54680 | v:   0.50000 | time:     31.31 s
[09:46:06] iter:   68 | change:   0.07181 | c:    236.53317 | v:   0.50000 | time:     31.78 s
[09:46:07] iter:   69 | change:   0.07051 | c:    236.51838 | v:   0.50000 | time:     32.29 s
[09:46:07] iter:   70 | change:   0.07300 | c:    236.50392 | v:   0.50000 | time:     32.75 s
[09:46:08] iter:   71 | change:   0.07362 | c:    236.48747 | v:   0.50000 | time:     33.20 s
[09:46:08] iter:   72 | change:   0.07523 | c:    236.46969 | v:   0.50000 | time:     33.64 s
[09:46:09] iter:   73 | change:   0.07591 | c:    236.45121 | v:   0.50001 | time:     34.10 s
[09:46:09] iter:   74 | change:   0.07852 | c:    236.44551 | v:   0.50000 | time:     34.56 s
[09:46:09] iter:   75 | change:   0.07825 | c:    236.42277 | v:   0.50001 | time:     35.02 s
[09:46:10] iter:   76 | change:   0.07942 | c:    236.41218 | v:   0.50000 | time:     35.45 s
[09:46:10] iter:   77 | change:   0.08048 | c:    236.39981 | v:   0.50000 | time:     35.93 s
[09:46:11] iter:   78 | change:   0.08149 | c:    236.38534 | v:   0.50000 | time:     36.41 s
[09:46:11] iter:   79 | change:   0.08309 | c:    236.36858 | v:   0.50001 | time:     36.89 s
[09:46:12] iter:   80 | change:   0.08583 | c:    236.36218 | v:   0.49999 | time:     37.37 s
[09:46:12] iter:   81 | change:   0.09062 | c:    236.33905 | v:   0.50001 | time:     37.90 s
[09:46:13] iter:   82 | change:   0.10074 | c:    236.32666 | v:   0.50001 | time:     38.42 s
[09:46:13] iter:   83 | change:   0.10407 | c:    236.31185 | v:   0.50001 | time:     38.94 s
[09:46:14] iter:   84 | change:   0.10347 | c:    236.30792 | v:   0.49999 | time:     39.43 s
[09:46:14] iter:   85 | change:   0.09690 | c:    236.29190 | v:   0.50000 | time:     39.92 s
[09:46:15] iter:   86 | change:   0.09757 | c:    236.27649 | v:   0.50000 | time:     40.46 s
[09:46:15] iter:   87 | change:   0.09759 | c:    236.26297 | v:   0.50000 | time:     40.95 s
[09:46:16] iter:   88 | change:   0.09726 | c:    236.25193 | v:   0.50000 | time:     41.42 s
[09:46:16] iter:   89 | change:   0.09870 | c:    236.24478 | v:   0.50000 | time:     41.89 s
[09:46:17] iter:   90 | change:   0.09401 | c:    236.22997 | v:   0.50001 | time:     42.39 s
[09:46:17] iter:   91 | change:   0.09686 | c:    236.23066 | v:   0.49999 | time:     42.86 s
[09:46:18] iter:   92 | change:   0.06020 | c:    236.22386 | v:   0.49999 | time:     43.33 s
[09:46:18] iter:   93 | change:   0.06012 | c:    236.21044 | v:   0.50000 | time:     43.75 s
[09:46:19] iter:   94 | change:   0.06052 | c:    236.20942 | v:   0.49999 | time:     44.20 s
[09:46:19] iter:   95 | change:   0.06221 | c:    236.19833 | v:   0.50000 | time:     44.64 s
[09:46:19] iter:   96 | change:   0.05999 | c:    236.18772 | v:   0.50001 | time:     45.07 s
[09:46:20] iter:   97 | change:   0.06361 | c:    236.18829 | v:   0.50000 | time:     45.51 s
[09:46:20] iter:   98 | change:   0.06356 | c:    236.17874 | v:   0.50000 | time:     45.97 s
[09:46:21] iter:   99 | change:   0.06242 | c:    236.16982 | v:   0.50001 | time:     46.40 s
[09:46:21] iter:  100 | change:   0.06457 | c:    236.17136 | v:   0.49999 | time:     46.84 s
[09:46:22] iter:  101 | change:   0.06734 | c:    236.16299 | v:   0.50000 | time:     47.29 s
[09:46:22] iter:  102 | change:   0.06747 | c:    236.15555 | v:   0.50000 | time:     47.74 s
[09:46:23] iter:  103 | change:   0.06666 | c:    236.14958 | v:   0.50000 | time:     48.20 s
[09:46:23] iter:  104 | change:   0.06766 | c:    236.14455 | v:   0.50000 | time:     48.67 s
[09:46:24] iter:  105 | change:   0.06838 | c:    236.13986 | v:   0.50000 | time:     49.12 s
[09:46:24] iter:  106 | change:   0.06852 | c:    236.13525 | v:   0.50000 | time:     49.60 s
[09:46:25] iter:  107 | change:   0.06783 | c:    236.13077 | v:   0.50000 | time:     50.09 s
[09:46:25] iter:  108 | change:   0.06995 | c:    236.12601 | v:   0.49999 | time:     50.53 s
[09:46:25] iter:  109 | change:   0.07223 | c:    236.12124 | v:   0.49999 | time:     50.95 s
[09:46:26] iter:  110 | change:   0.06962 | c:    236.11626 | v:   0.49999 | time:     51.40 s
[09:46:26] iter:  111 | change:   0.06771 | c:    236.11176 | v:   0.49999 | time:     51.82 s
[09:46:27] iter:  112 | change:   0.07227 | c:    236.09857 | v:   0.50001 | time:     52.25 s
[09:46:27] iter:  113 | change:   0.06819 | c:    236.09442 | v:   0.50001 | time:     52.71 s
[09:46:28] iter:  114 | change:   0.07432 | c:    236.09006 | v:   0.50000 | time:     53.15 s
[09:46:28] iter:  115 | change:   0.06963 | c:    236.08588 | v:   0.50000 | time:     53.61 s
[09:46:28] iter:  116 | change:   0.06538 | c:    236.08171 | v:   0.50000 | time:     54.07 s
[09:46:29] iter:  117 | change:   0.07117 | c:    236.07750 | v:   0.50000 | time:     54.55 s
[09:46:29] iter:  118 | change:   0.06716 | c:    236.07313 | v:   0.50000 | time:     55.03 s
[09:46:30] iter:  119 | change:   0.06683 | c:    236.06886 | v:   0.50000 | time:     55.48 s
[09:46:30] iter:  120 | change:   0.06952 | c:    236.06429 | v:   0.50000 | time:     55.92 s
[09:46:31] iter:  121 | change:   0.06729 | c:    236.05961 | v:   0.50000 | time:     56.36 s
[09:46:31] iter:  122 | change:   0.06693 | c:    236.05460 | v:   0.50000 | time:     56.84 s
[09:46:32] iter:  123 | change:   0.05079 | c:    236.04958 | v:   0.50000 | time:     57.28 s
[09:46:32] iter:  124 | change:   0.05135 | c:    236.04508 | v:   0.50000 | time:     57.71 s
[09:46:33] iter:  125 | change:   0.05189 | c:    236.04018 | v:   0.50000 | time:     58.14 s
[09:46:33] iter:  126 | change:   0.05247 | c:    236.03485 | v:   0.50000 | time:     58.58 s
[09:46:33] iter:  127 | change:   0.05156 | c:    236.02896 | v:   0.50001 | time:     59.02 s
[09:46:34] iter:  128 | change:   0.05385 | c:    236.03057 | v:   0.50000 | time:     59.46 s
[09:46:34] iter:  129 | change:   0.05297 | c:    236.02254 | v:   0.50000 | time:     59.89 s
[09:46:35] iter:  130 | change:   0.05523 | c:    236.02247 | v:   0.49999 | time:     60.36 s
[09:46:35] iter:  131 | change:   0.05447 | c:    236.01390 | v:   0.50000 | time:     60.83 s
[09:46:36] iter:  132 | change:   0.05464 | c:    236.01234 | v:   0.50000 | time:     61.27 s
[09:46:36] iter:  133 | change:   0.05405 | c:    236.00159 | v:   0.50001 | time:     61.73 s
[09:46:37] iter:  134 | change:   0.05498 | c:    235.99848 | v:   0.50000 | time:     62.22 s
[09:46:37] iter:  135 | change:   0.05594 | c:    235.99391 | v:   0.50000 | time:     62.69 s
[09:46:38] iter:  136 | change:   0.05547 | c:    235.98799 | v:   0.50001 | time:     63.17 s
[09:46:38] iter:  137 | change:   0.05613 | c:    235.98869 | v:   0.50000 | time:     63.62 s
[09:46:39] iter:  138 | change:   0.05594 | c:    235.98034 | v:   0.50000 | time:     64.09 s
[09:46:39] iter:  139 | change:   0.05902 | c:    235.97968 | v:   0.50000 | time:     64.52 s
[09:46:39] iter:  140 | change:   0.05768 | c:    235.96977 | v:   0.50000 | time:     64.96 s
[09:46:40] iter:  141 | change:   0.05852 | c:    235.96689 | v:   0.50000 | time:     65.38 s
[09:46:40] iter:  142 | change:   0.06010 | c:    235.96330 | v:   0.50000 | time:     65.83 s
[09:46:41] iter:  143 | change:   0.06163 | c:    235.95899 | v:   0.50000 | time:     66.26 s
[09:46:41] iter:  144 | change:   0.06369 | c:    235.95390 | v:   0.50000 | time:     66.69 s
[09:46:42] iter:  145 | change:   0.06485 | c:    235.94812 | v:   0.50000 | time:     67.12 s
[09:46:42] iter:  146 | change:   0.06668 | c:    235.94196 | v:   0.50000 | time:     67.58 s
[09:46:42] iter:  147 | change:   0.06616 | c:    235.93542 | v:   0.50000 | time:     68.03 s
[09:46:43] iter:  148 | change:   0.06805 | c:    235.93712 | v:   0.49999 | time:     68.47 s
[09:46:43] iter:  149 | change:   0.06746 | c:    235.93070 | v:   0.50000 | time:     68.91 s
[09:46:44] iter:  150 | change:   0.06404 | c:    235.92387 | v:   0.50000 | time:     69.36 s
[09:46:44] iter:  151 | change:   0.07086 | c:    235.92366 | v:   0.49999 | time:     69.80 s
[09:46:45] iter:  152 | change:   0.06578 | c:    235.91540 | v:   0.50000 | time:     70.24 s
[09:46:45] iter:  153 | change:   0.06271 | c:    235.91416 | v:   0.50000 | time:     70.69 s
[09:46:46] iter:  154 | change:   0.06637 | c:    235.90488 | v:   0.50000 | time:     71.15 s
[09:46:46] iter:  155 | change:   0.06123 | c:    235.90250 | v:   0.50000 | time:     71.60 s
[09:46:46] iter:  156 | change:   0.06621 | c:    235.89945 | v:   0.50000 | time:     72.07 s
[09:46:47] iter:  157 | change:   0.06075 | c:    235.89612 | v:   0.50000 | time:     72.52 s
[09:46:47] iter:  158 | change:   0.06569 | c:    235.89226 | v:   0.50000 | time:     72.96 s
[09:46:48] iter:  159 | change:   0.06393 | c:    235.88856 | v:   0.49999 | time:     73.43 s
[09:46:48] iter:  160 | change:   0.06500 | c:    235.88437 | v:   0.50000 | time:     73.86 s
[09:46:49] iter:  161 | change:   0.06648 | c:    235.87984 | v:   0.50000 | time:     74.29 s
[09:46:49] iter:  162 | change:   0.06563 | c:    235.87617 | v:   0.50000 | time:     74.71 s
[09:46:50] iter:  163 | change:   0.06616 | c:    235.86662 | v:   0.50001 | time:     75.17 s
[09:46:50] iter:  164 | change:   0.06537 | c:    235.86607 | v:   0.50000 | time:     75.63 s
[09:46:51] iter:  165 | change:   0.06037 | c:    235.86020 | v:   0.50001 | time:     76.08 s
[09:46:51] iter:  166 | change:   0.06674 | c:    235.86216 | v:   0.50000 | time:     76.53 s
[09:46:51] iter:  167 | change:   0.06593 | c:    235.85770 | v:   0.50000 | time:     76.98 s
[09:46:52] iter:  168 | change:   0.05748 | c:    235.85426 | v:   0.50000 | time:     77.43 s
[09:46:52] iter:  169 | change:   0.05492 | c:    235.85223 | v:   0.50000 | time:     77.87 s
[09:46:53] iter:  170 | change:   0.05567 | c:    235.85087 | v:   0.50000 | time:     78.32 s
[09:46:53] iter:  171 | change:   0.05646 | c:    235.84946 | v:   0.50000 | time:     78.78 s
[09:46:54] iter:  172 | change:   0.05177 | c:    235.84175 | v:   0.50000 | time:     79.23 s
[09:46:54] iter:  173 | change:   0.04589 | c:    235.84103 | v:   0.50000 | time:     79.68 s
[09:46:55] iter:  174 | change:   0.05017 | c:    235.84083 | v:   0.50000 | time:     80.16 s
[09:46:55] iter:  175 | change:   0.05168 | c:    235.83396 | v:   0.50001 | time:     80.68 s
[09:46:56] iter:  176 | change:   0.04798 | c:    235.83354 | v:   0.50000 | time:     81.11 s
[09:46:56] iter:  177 | change:   0.05101 | c:    235.83332 | v:   0.50000 | time:     81.55 s
[09:46:56] iter:  178 | change:   0.04439 | c:    235.83305 | v:   0.49999 | time:     82.00 s
[09:46:57] iter:  179 | change:   0.04523 | c:    235.82684 | v:   0.50000 | time:     82.42 s
[09:46:57] iter:  180 | change:   0.04181 | c:    235.82743 | v:   0.50000 | time:     82.88 s
[09:46:58] iter:  181 | change:   0.04310 | c:    235.82188 | v:   0.50000 | time:     83.32 s
[09:46:58] iter:  182 | change:   0.04715 | c:    235.82293 | v:   0.50000 | time:     83.79 s
[09:46:59] iter:  183 | change:   0.04861 | c:    235.81759 | v:   0.50000 | time:     84.28 s
[09:46:59] iter:  184 | change:   0.05316 | c:    235.81849 | v:   0.50000 | time:     84.72 s
[09:47:00] iter:  185 | change:   0.04386 | c:    235.81312 | v:   0.50000 | time:     85.15 s
[09:47:00] iter:  186 | change:   0.04789 | c:    235.81391 | v:   0.50000 | time:     85.59 s
[09:47:00] iter:  187 | change:   0.04918 | c:    235.80820 | v:   0.50000 | time:     86.05 s
[09:47:01] iter:  188 | change:   0.04606 | c:    235.80837 | v:   0.50000 | time:     86.51 s
[09:47:01] iter:  189 | change:   0.04733 | c:    235.80200 | v:   0.50001 | time:     86.93 s
[09:47:02] iter:  190 | change:   0.05016 | c:    235.80174 | v:   0.50000 | time:     87.42 s
[09:47:02] iter:  191 | change:   0.04955 | c:    235.80125 | v:   0.50000 | time:     87.87 s
[09:47:03] iter:  192 | change:   0.05127 | c:    235.79475 | v:   0.50001 | time:     88.29 s
[09:47:03] iter:  193 | change:   0.04555 | c:    235.79440 | v:   0.50000 | time:     88.73 s
[09:47:04] iter:  194 | change:   0.04734 | c:    235.79403 | v:   0.50000 | time:     89.17 s
[09:47:04] iter:  195 | change:   0.04857 | c:    235.78771 | v:   0.50000 | time:     89.60 s
[09:47:04] iter:  196 | change:   0.05160 | c:    235.78722 | v:   0.50000 | time:     90.05 s
[09:47:05] iter:  197 | change:   0.05019 | c:    235.78640 | v:   0.50000 | time:     90.47 s
[09:47:05] iter:  198 | change:   0.05179 | c:    235.78545 | v:   0.50000 | time:     90.93 s
[09:47:06] iter:  199 | change:   0.05068 | c:    235.77843 | v:   0.50000 | time:     91.38 s
[09:47:06] iter:  200 | change:   0.05208 | c:    235.77749 | v:   0.50000 | time:     91.85 s
[09:47:07] iter:  201 | change:   0.05256 | c:    235.77610 | v:   0.50000 | time:     92.31 s
[09:47:07] iter:  202 | change:   0.05439 | c:    235.77415 | v:   0.50000 | time:     92.73 s
[09:47:08] iter:  203 | change:   0.05893 | c:    235.77200 | v:   0.50000 | time:     93.18 s
[09:47:08] iter:  204 | change:   0.06048 | c:    235.76414 | v:   0.50000 | time:     93.62 s
[09:47:08] iter:  205 | change:   0.06467 | c:    235.76233 | v:   0.50000 | time:     94.04 s
[09:47:09] iter:  206 | change:   0.06900 | c:    235.76048 | v:   0.50000 | time:     94.47 s
[09:47:09] iter:  207 | change:   0.07187 | c:    235.75873 | v:   0.50000 | time:     94.92 s
[09:47:10] iter:  208 | change:   0.07398 | c:    235.75346 | v:   0.50000 | time:     95.38 s
[09:47:10] iter:  209 | change:   0.07497 | c:    235.75183 | v:   0.50000 | time:     95.89 s
[09:47:11] iter:  210 | change:   0.07365 | c:    235.75060 | v:   0.50000 | time:     96.39 s
[09:47:11] iter:  211 | change:   0.07012 | c:    235.74990 | v:   0.50000 | time:     96.91 s
[09:47:12] iter:  212 | change:   0.07608 | c:    235.74921 | v:   0.50000 | time:     97.38 s
[09:47:12] iter:  213 | change:   0.07222 | c:    235.74836 | v:   0.50000 | time:     97.87 s
[09:47:13] iter:  214 | change:   0.07689 | c:    235.74252 | v:   0.50000 | time:     98.33 s
[09:47:13] iter:  215 | change:   0.07083 | c:    235.74199 | v:   0.50000 | time:     98.77 s
[09:47:14] iter:  216 | change:   0.07690 | c:    235.74164 | v:   0.50000 | time:     99.22 s
[09:47:14] iter:  217 | change:   0.07160 | c:    235.74129 | v:   0.50000 | time:     99.64 s
[09:47:14] iter:  218 | change:   0.07616 | c:    235.73610 | v:   0.50000 | time:    100.07 s
[09:47:15] iter:  219 | change:   0.06989 | c:    235.73653 | v:   0.50000 | time:    100.50 s
[09:47:15] iter:  220 | change:   0.07428 | c:    235.73220 | v:   0.50000 | time:    101.00 s
[09:47:16] iter:  221 | change:   0.06789 | c:    235.73288 | v:   0.50000 | time:    101.48 s
[09:47:16] iter:  222 | change:   0.07204 | c:    235.72820 | v:   0.50000 | time:    101.92 s
[09:47:17] iter:  223 | change:   0.06683 | c:    235.72901 | v:   0.50000 | time:    102.38 s
[09:47:17] iter:  224 | change:   0.07078 | c:    235.72497 | v:   0.50000 | time:    102.84 s
[09:47:18] iter:  225 | change:   0.06862 | c:    235.72688 | v:   0.50000 | time:    103.28 s
[09:47:18] iter:  226 | change:   0.07254 | c:    235.72360 | v:   0.50000 | time:    103.74 s
[09:47:19] iter:  227 | change:   0.04705 | c:    235.72077 | v:   0.50000 | time:    104.21 s
[09:47:19] iter:  228 | change:   0.04828 | c:    235.71882 | v:   0.50000 | time:    104.65 s
[09:47:20] iter:  229 | change:   0.05154 | c:    235.72215 | v:   0.50000 | time:    105.12 s
[09:47:20] iter:  230 | change:   0.05057 | c:    235.72025 | v:   0.50000 | time:    105.56 s
[09:47:20] iter:  231 | change:   0.05373 | c:    235.71871 | v:   0.50000 | time:    106.02 s
[09:47:21] iter:  232 | change:   0.04619 | c:    235.71714 | v:   0.50000 | time:    106.49 s
[09:47:21] iter:  233 | change:   0.04513 | c:    235.71547 | v:   0.50000 | time:    106.93 s
[09:47:22] iter:  234 | change:   0.04787 | c:    235.71374 | v:   0.50000 | time:    107.35 s
[09:47:22] iter:  235 | change:   0.05077 | c:    235.71194 | v:   0.50000 | time:    107.81 s
[09:47:23] iter:  236 | change:   0.05384 | c:    235.71007 | v:   0.50000 | time:    108.28 s
[09:47:23] iter:  237 | change:   0.05163 | c:    235.70815 | v:   0.50000 | time:    108.71 s
[09:47:24] iter:  238 | change:   0.05485 | c:    235.70670 | v:   0.50000 | time:    109.15 s
[09:47:24] iter:  239 | change:   0.05068 | c:    235.70514 | v:   0.50000 | time:    109.64 s
[09:47:25] iter:  240 | change:   0.04098 | c:    235.70854 | v:   0.50000 | time:    110.08 s
[09:47:25] iter:  241 | change:   0.04457 | c:    235.70751 | v:   0.50000 | time:    110.54 s
[09:47:25] iter:  242 | change:   0.03614 | c:    235.70222 | v:   0.50000 | time:    110.99 s
[09:47:26] iter:  243 | change:   0.03813 | c:    235.70156 | v:   0.50000 | time:    111.43 s
[09:47:26] iter:  244 | change:   0.04025 | c:    235.70080 | v:   0.50000 | time:    111.94 s
[09:47:27] iter:  245 | change:   0.04249 | c:    235.69975 | v:   0.50000 | time:    112.39 s
[09:47:27] iter:  246 | change:   0.04485 | c:    235.69878 | v:   0.50000 | time:    112.84 s
[09:47:28] iter:  247 | change:   0.04734 | c:    235.69768 | v:   0.50000 | time:    113.28 s
[09:47:28] iter:  248 | change:   0.04997 | c:    235.69638 | v:   0.50000 | time:    113.73 s
[09:47:29] iter:  249 | change:   0.05224 | c:    235.69493 | v:   0.50000 | time:    114.19 s
[09:47:29] iter:  250 | change:   0.04767 | c:    235.69382 | v:   0.50000 | time:    114.67 s
[09:47:30] iter:  251 | change:   0.03778 | c:    235.69275 | v:   0.50000 | time:    115.14 s
[09:47:30] iter:  252 | change:   0.03812 | c:    235.69176 | v:   0.50000 | time:    115.60 s
[09:47:30] iter:  253 | change:   0.04038 | c:    235.69096 | v:   0.50000 | time:    116.04 s
[09:47:31] iter:  254 | change:   0.04277 | c:    235.69002 | v:   0.50000 | time:    116.46 s
[09:47:31] iter:  255 | change:   0.04530 | c:    235.68895 | v:   0.50000 | time:    116.90 s
[09:47:32] iter:  256 | change:   0.04798 | c:    235.68768 | v:   0.50000 | time:    117.38 s
[09:47:32] iter:  257 | change:   0.04928 | c:    235.68614 | v:   0.50000 | time:    117.83 s
[09:47:33] iter:  258 | change:   0.05064 | c:    235.68878 | v:   0.50000 | time:    118.28 s
[09:47:33] iter:  259 | change:   0.05344 | c:    235.68685 | v:   0.50000 | time:    118.73 s
[09:47:34] iter:  260 | change:   0.04208 | c:    235.68501 | v:   0.50000 | time:    119.17 s
[09:47:34] iter:  261 | change:   0.04461 | c:    235.68340 | v:   0.50000 | time:    119.60 s
[09:47:34] iter:  262 | change:   0.04730 | c:    235.68190 | v:   0.50000 | time:    120.04 s
[09:47:35] iter:  263 | change:   0.05016 | c:    235.68036 | v:   0.50000 | time:    120.48 s
[09:47:35] iter:  264 | change:   0.05159 | c:    235.67889 | v:   0.50000 | time:    120.96 s
[09:47:36] iter:  265 | change:   0.04703 | c:    235.68156 | v:   0.50000 | time:    121.43 s
[09:47:36] iter:  266 | change:   0.04052 | c:    235.67973 | v:   0.50000 | time:    121.90 s
[09:47:37] iter:  267 | change:   0.04285 | c:    235.67784 | v:   0.50000 | time:    122.35 s
[09:47:37] iter:  268 | change:   0.04530 | c:    235.67577 | v:   0.50000 | time:    122.79 s
[09:47:38] iter:  269 | change:   0.04642 | c:    235.67342 | v:   0.50000 | time:    123.27 s
[09:47:38] iter:  270 | change:   0.05059 | c:    235.67490 | v:   0.50000 | time:    123.70 s
[09:47:39] iter:  271 | change:   0.04196 | c:    235.67176 | v:   0.50000 | time:    124.16 s
[09:47:39] iter:  272 | change:   0.04584 | c:    235.67261 | v:   0.50000 | time:    124.63 s
[09:47:40] iter:  273 | change:   0.04721 | c:    235.66900 | v:   0.50000 | time:    125.10 s
[09:47:40] iter:  274 | change:   0.05005 | c:    235.66924 | v:   0.50000 | time:    125.53 s
[09:47:40] iter:  275 | change:   0.05310 | c:    235.66908 | v:   0.50000 | time:    125.97 s
[09:47:41] iter:  276 | change:   0.03955 | c:    235.66858 | v:   0.50000 | time:    126.43 s
[09:47:41] iter:  277 | change:   0.04052 | c:    235.66375 | v:   0.50000 | time:    126.93 s
[09:47:42] iter:  278 | change:   0.04282 | c:    235.66274 | v:   0.50000 | time:    127.38 s
[09:47:42] iter:  279 | change:   0.04526 | c:    235.66110 | v:   0.50000 | time:    127.81 s
[09:47:43] iter:  280 | change:   0.04632 | c:    235.65881 | v:   0.50000 | time:    128.24 s
[09:47:43] iter:  281 | change:   0.05053 | c:    235.66043 | v:   0.50000 | time:    128.71 s
[09:47:44] iter:  282 | change:   0.04221 | c:    235.65701 | v:   0.50000 | time:    129.14 s
[09:47:44] iter:  283 | change:   0.04594 | c:    235.65817 | v:   0.50000 | time:    129.58 s
[09:47:44] iter:  284 | change:   0.04394 | c:    235.65461 | v:   0.50000 | time:    130.02 s
[09:47:45] iter:  285 | change:   0.04552 | c:    235.65060 | v:   0.50000 | time:    130.46 s
[09:47:45] iter:  286 | change:   0.04850 | c:    235.65077 | v:   0.50000 | time:    130.93 s
[09:47:46] iter:  287 | change:   0.05169 | c:    235.65028 | v:   0.50000 | time:    131.36 s
[09:47:46] iter:  288 | change:   0.05511 | c:    235.64897 | v:   0.50000 | time:    131.81 s
[09:47:47] iter:  289 | change:   0.05552 | c:    235.64686 | v:   0.50000 | time:    132.27 s
[09:47:47] iter:  290 | change:   0.05957 | c:    235.64423 | v:   0.50000 | time:    132.73 s
[09:47:48] iter:  291 | change:   0.06385 | c:    235.64090 | v:   0.50000 | time:    133.16 s
[09:47:48] iter:  292 | change:   0.06681 | c:    235.63679 | v:   0.50000 | time:    133.61 s
[09:47:49] iter:  293 | change:   0.07076 | c:    235.63688 | v:   0.50000 | time:    134.10 s
[09:47:49] iter:  294 | change:   0.06861 | c:    235.63185 | v:   0.50000 | time:    134.56 s
[09:47:49] iter:  295 | change:   0.06702 | c:    235.63234 | v:   0.50000 | time:    135.01 s
[09:47:50] iter:  296 | change:   0.06567 | c:    235.62819 | v:   0.50000 | time:    135.47 s
[09:47:50] iter:  297 | change:   0.06740 | c:    235.62874 | v:   0.50000 | time:    135.92 s
[09:47:51] iter:  298 | change:   0.06812 | c:    235.62447 | v:   0.50000 | time:    136.35 s
[09:47:51] iter:  299 | change:   0.06578 | c:    235.61993 | v:   0.50000 | time:    136.82 s
[09:47:52] iter:  300 | change:   0.07305 | c:    235.62067 | v:   0.50000 | time:    137.25 s
[Warning: Maximum iteration count reached before the change tolerance was met.] 
[> In run_mtop_oc_density>solve_mtop_mbb_oc_density (line 215)
In run_mtop_oc_density (line 48)
In run_assignment (line 78)] 

Saved step 3 (MTOP) result data:
  C:\Users\campa\Desktop\Structural-Optimization-LUKASTIEBERT\matlab\results\mtop_oc_density.mat
  C:\Users\campa\Desktop\Structural-Optimization-LUKASTIEBERT\matlab\results\mtop_oc_density_history.csv
  C:\Users\campa\Desktop\Structural-Optimization-LUKASTIEBERT\matlab\results\mtop_oc_density_summary.txt
Saved step 3 (MTOP) figures in:
  C:\Users\campa\Desktop\Structural-Optimization-LUKASTIEBERT\matlab\figures

Step 3 (MTOP density) completed.
  Iterations:              300
  Elapsed time [s]:        137.25
  MTOP compliance:         235.620671
  Fine-mesh compliance:    241.028078
  Volume fraction:         0.499999
  Speedup vs classical:    6.32
Sensitivity verification:
  Classical max rel FD error in dC: 5.656e-07
  MTOP      max rel FD error in dC: 1.520e-05
