
Structural Optimization MTOP assignment
Repository root: C:\Users\campa\Desktop\Structural-Optimization-LUKASTIEBERT
Results folder:  C:\Users\campa\Desktop\Structural-Optimization-LUKASTIEBERT\matlab\results
Figures folder:  C:\Users\campa\Desktop\Structural-Optimization-LUKASTIEBERT\matlab\figures

Core parameters
  Volume fraction: 0.500
  Penalization:    3.000
  Classical mesh:  600 x 200
  MTOP FE mesh:    120 x 40
  MTOP density:    5 x 5 per FE

Planned experiments
 1. classical_oc_sensitivity       | classical | oc  | sensitivity | FE  600 x 200  | density  600 x 200 
 2. mtop_oc_sensitivity            | mtop      | oc  | sensitivity | FE  120 x 40   | density  600 x 200 
 3. classical_oc_density           | classical | oc  | density     | FE  600 x 200  | density  600 x 200 
 4. mtop_oc_density                | mtop      | oc  | density     | FE  120 x 40   | density  600 x 200 
 5. mtop_mma_sensitivity           | mtop      | mma | sensitivity | FE  120 x 40   | density  600 x 200 
 6. mtop_mma_density               | mtop      | mma | density     | FE  120 x 40   | density  600 x 200 
 7. mtop_mma_heaviside_eta_030     | mtop      | mma | heaviside   | FE  120 x 40   | density  600 x 200 
 8. mtop_mma_heaviside_eta_050     | mtop      | mma | heaviside   | FE  120 x 40   | density  600 x 200 
 9. mtop_mma_heaviside_eta_070     | mtop      | mma | heaviside   | FE  120 x 40   | density  600 x 200 

Executing implemented assignment steps.
Step 1 result found and reused: C:\Users\campa\Desktop\Structural-Optimization-LUKASTIEBERT\matlab\results\classical_oc_sensitivity.mat
Step 1 completed.
  Iterations:       94
  Elapsed time [s]: 241.99
  Compliance:       224.596097
  Volume fraction:  0.500074

Running assignment step 2: MTOP OC sensitivity baseline
  FE mesh:       120 x 40 elements
  Density mesh:  600 x 200 cells
  Cells per FE:  5 x 5
  Volume target: 0.5000
  Penalization:  3.0000
  Filter radius: 24.0000 density cells

[19:40:30] iter:    1 | change:   0.20000 | c:   1026.84306 | v:   0.50000 | time:      0.29 s
[19:40:30] iter:    2 | change:   0.20000 | c:    589.92295 | v:   0.49999 | time:      0.49 s
[19:40:30] iter:    3 | change:   0.20000 | c:    419.53617 | v:   0.50008 | time:      0.63 s
[19:40:30] iter:    4 | change:   0.20000 | c:    353.12652 | v:   0.50010 | time:      0.73 s
[19:40:30] iter:    5 | change:   0.14273 | c:    333.99277 | v:   0.50007 | time:      0.84 s
[19:40:31] iter:    6 | change:   0.17502 | c:    323.86849 | v:   0.49989 | time:      0.96 s
[19:40:31] iter:    7 | change:   0.12340 | c:    315.89735 | v:   0.50019 | time:      1.05 s
[19:40:31] iter:    8 | change:   0.15344 | c:    309.07183 | v:   0.50018 | time:      1.13 s
[19:40:31] iter:    9 | change:   0.11750 | c:    302.87712 | v:   0.49995 | time:      1.21 s
[19:40:31] iter:   10 | change:   0.13333 | c:    296.77457 | v:   0.49994 | time:      1.31 s
[19:40:31] iter:   11 | change:   0.11000 | c:    291.05321 | v:   0.50017 | time:      1.40 s
[19:40:31] iter:   12 | change:   0.11746 | c:    286.12622 | v:   0.50018 | time:      1.49 s
[19:40:31] iter:   13 | change:   0.10081 | c:    281.19711 | v:   0.49982 | time:      1.58 s
[19:40:31] iter:   14 | change:   0.11584 | c:    275.16937 | v:   0.49979 | time:      1.67 s
[19:40:31] iter:   15 | change:   0.11039 | c:    267.74898 | v:   0.49997 | time:      1.76 s
[19:40:31] iter:   16 | change:   0.12297 | c:    259.84647 | v:   0.49996 | time:      1.85 s
[19:40:32] iter:   17 | change:   0.10470 | c:    251.55088 | v:   0.49985 | time:      1.93 s
[19:40:32] iter:   18 | change:   0.11980 | c:    243.09024 | v:   0.49998 | time:      2.02 s
[19:40:32] iter:   19 | change:   0.11150 | c:    235.21613 | v:   0.50018 | time:      2.11 s
[19:40:32] iter:   20 | change:   0.08699 | c:    228.99061 | v:   0.49992 | time:      2.20 s
[19:40:32] iter:   21 | change:   0.06203 | c:    224.87820 | v:   0.49999 | time:      2.29 s
[19:40:32] iter:   22 | change:   0.04159 | c:    223.16796 | v:   0.49990 | time:      2.38 s
[19:40:32] iter:   23 | change:   0.02643 | c:    222.38361 | v:   0.50002 | time:      2.48 s
[19:40:32] iter:   24 | change:   0.02504 | c:    222.07473 | v:   0.49991 | time:      2.57 s
[19:40:32] iter:   25 | change:   0.02514 | c:    221.82401 | v:   0.49991 | time:      2.65 s
[19:40:32] iter:   26 | change:   0.02485 | c:    221.59334 | v:   0.49999 | time:      2.74 s
[19:40:32] iter:   27 | change:   0.02456 | c:    221.44464 | v:   0.50002 | time:      2.83 s
[19:40:33] iter:   28 | change:   0.02422 | c:    221.32327 | v:   0.50005 | time:      2.92 s
[19:40:33] iter:   29 | change:   0.02384 | c:    221.23481 | v:   0.50005 | time:      3.01 s
[19:40:33] iter:   30 | change:   0.02348 | c:    221.15975 | v:   0.50004 | time:      3.09 s
[19:40:33] iter:   31 | change:   0.02308 | c:    221.10083 | v:   0.50001 | time:      3.18 s
[19:40:33] iter:   32 | change:   0.02273 | c:    221.04778 | v:   0.49998 | time:      3.27 s
[19:40:33] iter:   33 | change:   0.02230 | c:    221.00393 | v:   0.49994 | time:      3.36 s
[19:40:33] iter:   34 | change:   0.02270 | c:    220.96300 | v:   0.49989 | time:      3.45 s
[19:40:33] iter:   35 | change:   0.02152 | c:    220.77112 | v:   0.50007 | time:      3.54 s
[19:40:33] iter:   36 | change:   0.02140 | c:    220.75788 | v:   0.50002 | time:      3.63 s
[19:40:33] iter:   37 | change:   0.02096 | c:    220.69086 | v:   0.50003 | time:      3.72 s
[19:40:33] iter:   38 | change:   0.02062 | c:    220.66639 | v:   0.49999 | time:      3.80 s
[19:40:33] iter:   39 | change:   0.02028 | c:    220.62396 | v:   0.49996 | time:      3.89 s
[19:40:34] iter:   40 | change:   0.02072 | c:    220.59702 | v:   0.49991 | time:      3.98 s
[19:40:34] iter:   41 | change:   0.01962 | c:    220.41001 | v:   0.50009 | time:      4.08 s
[19:40:34] iter:   42 | change:   0.01952 | c:    220.40147 | v:   0.50004 | time:      4.16 s
[19:40:34] iter:   43 | change:   0.01912 | c:    220.34097 | v:   0.50006 | time:      4.26 s
[19:40:34] iter:   44 | change:   0.01882 | c:    220.32393 | v:   0.50001 | time:      4.35 s
[19:40:34] iter:   45 | change:   0.01853 | c:    220.28730 | v:   0.49998 | time:      4.44 s
[19:40:34] iter:   46 | change:   0.01822 | c:    220.26896 | v:   0.49993 | time:      4.53 s
[19:40:34] iter:   47 | change:   0.01873 | c:    220.24178 | v:   0.49989 | time:      4.61 s
[19:40:34] iter:   48 | change:   0.01763 | c:    220.07230 | v:   0.50007 | time:      4.70 s
[19:40:34] iter:   49 | change:   0.01757 | c:    220.06630 | v:   0.50004 | time:      4.79 s
[19:40:34] iter:   50 | change:   0.01722 | c:    220.01586 | v:   0.50005 | time:      4.88 s
[19:40:35] iter:   51 | change:   0.01699 | c:    220.00171 | v:   0.50002 | time:      4.97 s
[19:40:35] iter:   52 | change:   0.01670 | c:    219.97043 | v:   0.50000 | time:      5.06 s
[19:40:35] iter:   53 | change:   0.01651 | c:    219.95473 | v:   0.49996 | time:      5.15 s
[19:40:35] iter:   54 | change:   0.01621 | c:    219.93053 | v:   0.49993 | time:      5.24 s
[19:40:35] iter:   55 | change:   0.01682 | c:    219.91433 | v:   0.49989 | time:      5.33 s
[19:40:35] iter:   56 | change:   0.01572 | c:    219.74279 | v:   0.50008 | time:      5.42 s
[19:40:35] iter:   57 | change:   0.01578 | c:    219.74199 | v:   0.50005 | time:      5.51 s
[19:40:35] iter:   58 | change:   0.01536 | c:    219.69300 | v:   0.50008 | time:      5.60 s
[19:40:35] iter:   59 | change:   0.01529 | c:    219.68503 | v:   0.50005 | time:      5.70 s
[19:40:35] iter:   60 | change:   0.01493 | c:    219.65721 | v:   0.50004 | time:      5.79 s
[19:40:35] iter:   61 | change:   0.01483 | c:    219.64764 | v:   0.50000 | time:      5.89 s
[19:40:36] iter:   62 | change:   0.01455 | c:    219.62835 | v:   0.49998 | time:      5.99 s
[19:40:36] iter:   63 | change:   0.01438 | c:    219.61791 | v:   0.49995 | time:      6.08 s
[19:40:36] iter:   64 | change:   0.01419 | c:    219.60312 | v:   0.49992 | time:      6.17 s
[19:40:36] iter:   65 | change:   0.01473 | c:    219.59221 | v:   0.49989 | time:      6.25 s
[19:40:36] iter:   66 | change:   0.01381 | c:    219.43164 | v:   0.50008 | time:      6.35 s
[19:40:36] iter:   67 | change:   0.01374 | c:    219.43420 | v:   0.50007 | time:      6.44 s
[19:40:36] iter:   68 | change:   0.01353 | c:    219.39194 | v:   0.50010 | time:      6.53 s
[19:40:36] iter:   69 | change:   0.01334 | c:    219.38618 | v:   0.50008 | time:      6.63 s
[19:40:36] iter:   70 | change:   0.01315 | c:    219.36280 | v:   0.50008 | time:      6.72 s
[19:40:36] iter:   71 | change:   0.01301 | c:    219.35485 | v:   0.50006 | time:      6.81 s
[19:40:37] iter:   72 | change:   0.01281 | c:    219.33841 | v:   0.50005 | time:      6.90 s
[19:40:37] iter:   73 | change:   0.01268 | c:    219.32933 | v:   0.50003 | time:      6.99 s
[19:40:37] iter:   74 | change:   0.01250 | c:    219.31623 | v:   0.50001 | time:      7.08 s
[19:40:37] iter:   75 | change:   0.01234 | c:    219.30645 | v:   0.49999 | time:      7.17 s
[19:40:37] iter:   76 | change:   0.01221 | c:    219.29497 | v:   0.49996 | time:      7.31 s
[19:40:37] iter:   77 | change:   0.01205 | c:    219.28553 | v:   0.49994 | time:      7.40 s
[19:40:37] iter:   78 | change:   0.01190 | c:    219.27608 | v:   0.49992 | time:      7.49 s
[19:40:37] iter:   79 | change:   0.01255 | c:    219.26805 | v:   0.49990 | time:      7.58 s
[19:40:37] iter:   80 | change:   0.01161 | c:    219.11327 | v:   0.50010 | time:      7.68 s
[19:40:37] iter:   81 | change:   0.01128 | c:    219.11890 | v:   0.50009 | time:      7.76 s
[19:40:37] iter:   82 | change:   0.01221 | c:    219.22883 | v:   0.49991 | time:      7.85 s
[19:40:38] iter:   83 | change:   0.01113 | c:    219.06791 | v:   0.50011 | time:      7.93 s
[19:40:38] iter:   84 | change:   0.01118 | c:    219.09221 | v:   0.50007 | time:      8.01 s
[19:40:38] iter:   85 | change:   0.01098 | c:    219.05393 | v:   0.50011 | time:      8.11 s
[19:40:38] iter:   86 | change:   0.01086 | c:    219.05899 | v:   0.50009 | time:      8.20 s
[19:40:38] iter:   87 | change:   0.01071 | c:    219.04020 | v:   0.50009 | time:      8.29 s
[19:40:38] iter:   88 | change:   0.01059 | c:    219.03943 | v:   0.50007 | time:      8.37 s
[19:40:38] iter:   89 | change:   0.01046 | c:    219.02782 | v:   0.50007 | time:      8.45 s
[19:40:38] iter:   90 | change:   0.01034 | c:    219.02473 | v:   0.50005 | time:      8.54 s
[19:40:38] iter:   91 | change:   0.01022 | c:    219.01649 | v:   0.50004 | time:      8.64 s
[19:40:38] iter:   92 | change:   0.01011 | c:    219.01191 | v:   0.50003 | time:      8.73 s
[19:40:38] iter:   93 | change:   0.00999 | c:    219.00518 | v:   0.50002 | time:      8.82 s

Saved step 2 result data:
  C:\Users\campa\Desktop\Structural-Optimization-LUKASTIEBERT\matlab\results\mtop_oc_sensitivity.mat
  C:\Users\campa\Desktop\Structural-Optimization-LUKASTIEBERT\matlab\results\mtop_oc_sensitivity_history.csv
  C:\Users\campa\Desktop\Structural-Optimization-LUKASTIEBERT\matlab\results\mtop_oc_sensitivity_summary.txt
Saved step 2 figures in:
  C:\Users\campa\Desktop\Structural-Optimization-LUKASTIEBERT\matlab\figures

Step 2 completed.
  Iterations:              93
  Elapsed time [s]:        8.82
  MTOP compliance:         219.005176
  Fine-mesh compliance:    224.676279
  Volume fraction:         0.500017
  Speedup vs classical:    27.43
